Archive member included to satisfy reference by file (symbol)

touchgfx//lib/core/cortex_m4f/gcc\libtouchgfx.a(AbstractPartition.o)
                              build/ST/STM32469IDISCO/target/bsp/source/BoardConfiguration.o (touchgfx::AbstractPartition::getAllocationCount() const)
touchgfx//lib/core/cortex_m4f/gcc\libtouchgfx.a(Container.o)
                              build/ST/STM32469IDISCO/generated/gui_generated/src/screen1_screen/Screen1ViewBase.o (touchgfx::Container::add(touchgfx::Drawable&))
touchgfx//lib/core/cortex_m4f/gcc\libtouchgfx.a(HAL.o)
                              build/ST/STM32469IDISCO/target/bsp/source/platform/hal/mcu/stm32f4cube/STM32F4HAL_DSI.o (touchgfx::HAL::flushFrameBuffer())
touchgfx//lib/core/cortex_m4f/gcc\libtouchgfx.a(DMA.o)
                              build/ST/STM32469IDISCO/target/bsp/source/platform/hal/mcu/stm32f4cube/STM32F4DMA.o (touchgfx::DMA_Interface::seedExecution())
touchgfx//lib/core/cortex_m4f/gcc\libtouchgfx.a(Box.o)
                              build/ST/STM32469IDISCO/generated/gui_generated/src/screen1_screen/Screen1ViewBase.o (vtable for touchgfx::Box)
touchgfx//lib/core/cortex_m4f/gcc\libtouchgfx.a(Image.o)
                              build/ST/STM32469IDISCO/generated/gui_generated/src/screen1_screen/Screen1ViewBase.o (touchgfx::Image::setBitmap(touchgfx::Bitmap const&))
touchgfx//lib/core/cortex_m4f/gcc\libtouchgfx.a(LCD.o)
                              build/ST/STM32469IDISCO/generated/texts/src/Texts.o (touchgfx::LCD::drawStringLTR(touchgfx::Rect const&, touchgfx::Rect const&, touchgfx::LCD::StringVisuals const&, unsigned short const*, std::__va_list))
touchgfx//lib/core/cortex_m4f/gcc\libtouchgfx.a(TouchCalibration.o)
                              touchgfx//lib/core/cortex_m4f/gcc\libtouchgfx.a(HAL.o) (touchgfx::TouchCalibration::translatePoint(touchgfx::Point&))
touchgfx//lib/core/cortex_m4f/gcc\libtouchgfx.a(DisplayTransformation.o)
                              touchgfx//lib/core/cortex_m4f/gcc\libtouchgfx.a(HAL.o) (touchgfx::DisplayTransformation::transformFrameBufferToDisplay(short&, short&))
touchgfx//lib/core/cortex_m4f/gcc\libtouchgfx.a(Application.o)
                              build/ST/STM32469IDISCO/gui/src/common/FrontendApplication.o (touchgfx::Application::handleClickEvent(touchgfx::ClickEvent const&))
touchgfx//lib/core/cortex_m4f/gcc\libtouchgfx.a(TypedText.o)
                              build/ST/STM32469IDISCO/generated/texts/src/Texts.o (touchgfx::TypedText::numberOfTypedTexts)
touchgfx//lib/core/cortex_m4f/gcc\libtouchgfx.a(Font.o)
                              build/ST/STM32469IDISCO/generated/texts/src/Texts.o (touchgfx::Font::getStringWidthLTR(unsigned char, unsigned short const*, std::__va_list) const)
touchgfx//lib/core/cortex_m4f/gcc\libtouchgfx.a(Drawable.o)
                              touchgfx//lib/core/cortex_m4f/gcc\libtouchgfx.a(Container.o) (touchgfx::Drawable::invalidate() const)
touchgfx//lib/core/cortex_m4f/gcc\libtouchgfx.a(Utils.o)
                              touchgfx//lib/core/cortex_m4f/gcc\libtouchgfx.a(TouchCalibration.o) (touchgfx::memset(void*, unsigned char, unsigned long))
touchgfx//lib/core/cortex_m4f/gcc\libtouchgfx.a(Screen.o)
                              build/ST/STM32469IDISCO/gui/src/screen1_screen/Screen1View.o (touchgfx::Screen::handleGestureEvent(touchgfx::GestureEvent const&))
touchgfx//lib/core/cortex_m4f/gcc\libtouchgfx.a(InternalFlashFont.o)
                              build/ST/STM32469IDISCO/generated/fonts/src/FontGetters.o (touchgfx::InternalFlashFont::InternalFlashFont(touchgfx::GlyphNode const*, unsigned short, unsigned short, unsigned char, unsigned char, unsigned char, unsigned char, unsigned char const*, touchgfx::KerningNode const*, unsigned short, unsigned short))
touchgfx//lib/core/cortex_m4f/gcc\libtouchgfx.a(TextProvider.o)
                              touchgfx//lib/core/cortex_m4f/gcc\libtouchgfx.a(Font.o) (touchgfx::TextProvider::getNextChar())
touchgfx//lib/core/cortex_m4f/gcc\libtouchgfx.a(TextureMapTypes.o)
                              touchgfx//lib/core/cortex_m4f/gcc\libtouchgfx.a(LCD.o) (touchgfx::Gradients::Gradients(touchgfx::Point3D const*))
touchgfx//lib/core/cortex_m4f/gcc\libtouchgfx.a(Color.o)
                              build/ST/STM32469IDISCO/generated/gui_generated/src/screen1_screen/Screen1ViewBase.o (touchgfx::Color::getColorFrom24BitRGB(unsigned char, unsigned char, unsigned char))
touchgfx//lib/core/cortex_m4f/gcc\libtouchgfx.a(FontManager.o)
                              build/ST/STM32469IDISCO/target/bsp/source/BoardConfiguration.o (touchgfx::FontManager::setFontProvider(touchgfx::FontProvider*))
touchgfx//lib/core/cortex_m4f/gcc\libtouchgfx.a(Bitmap.o)
                              build/ST/STM32469IDISCO/target/bsp/source/BoardConfiguration.o (touchgfx::Bitmap::registerBitmapDatabase(touchgfx::Bitmap::BitmapData const*, unsigned short, unsigned short*, unsigned long, unsigned long))
[...]
Memory Configuration

Name             Origin             Length             Attributes
CODE             0x08000000         0x00200000         xr
RAM              0x20000000         0x00050000         rw
CCMRAM           0x10000000         0x00010000         rw
QUADSPI          0x90000000         0x01000000         r
*default*        0x00000000         0xffffffff

Linker script and memory map

LOAD build/ST/STM32469IDISCO/gui/src/screen1_screen/Screen1Presenter.o
LOAD build/ST/STM32469IDISCO/gui/src/screen1_screen/Screen1View.o
LOAD build/ST/STM32469IDISCO/gui/src/model/Model.o
LOAD build/ST/STM32469IDISCO/gui/src/common/FrontendApplication.o
LOAD build/ST/STM32469IDISCO/generated/gui_generated/src/screen1_screen/Screen1ViewBase.o
LOAD build/ST/STM32469IDISCO/generated/gui_generated/src/common/FrontendApplicationBase.o
LOAD build/ST/STM32469IDISCO/generated/fonts/src/Kerning_verdana_10_4bpp.o
LOAD build/ST/STM32469IDISCO/generated/fonts/src/Font_verdana_40_4bpp.o
LOAD build/ST/STM32469IDISCO/generated/fonts/src/FontGetters.o
LOAD build/ST/STM32469IDISCO/generated/fonts/src/Font_verdana_20_4bpp.o
LOAD build/ST/STM32469IDISCO/generated/fonts/src/Kerning_verdana_40_4bpp.o
LOAD build/ST/STM32469IDISCO/generated/fonts/src/Table_verdana_10_4bpp.o
LOAD build/ST/STM32469IDISCO/generated/fonts/src/Kerning_verdana_20_4bpp.o
LOAD build/ST/STM32469IDISCO/generated/fonts/src/Font_verdana_10_4bpp.o
LOAD build/ST/STM32469IDISCO/generated/fonts/src/Table_verdana_40_4bpp.o
LOAD build/ST/STM32469IDISCO/generated/fonts/src/Table_verdana_20_4bpp.o
LOAD build/ST/STM32469IDISCO/generated/fonts/src/ApplicationFontProvider.o
LOAD build/ST/STM32469IDISCO/generated/images/src/BitmapDatabase.o
LOAD build/ST/STM32469IDISCO/generated/images/src/stm32f469_logo.o
LOAD build/ST/STM32469IDISCO/generated/texts/src/TypedTextDatabase.o
LOAD build/ST/STM32469IDISCO/generated/texts/src/Texts.o
LOAD build/ST/STM32469IDISCO/target/os/FreeRTOS7.6.0/OSWrappers.o
LOAD build/ST/STM32469IDISCO/target/gcc/gccstubs.o
LOAD build/ST/STM32469IDISCO/target/main.o
LOAD build/ST/STM32469IDISCO/target/bsp/source/bsp/OTM8009TouchController.o
LOAD build/ST/STM32469IDISCO/target/bsp/source/platform/hal/mcu/stm32f4cube/STM32F4DMA.o
LOAD build/ST/STM32469IDISCO/target/bsp/source/platform/hal/mcu/stm32f4cube/STM32F4HAL_DSI.o
LOAD build/ST/STM32469IDISCO/target/bsp/source/platform/cortex-m/CortexMMCUInstrumentation.o
LOAD build/ST/STM32469IDISCO/target/bsp/source/bsp/KeySampler.o
LOAD build/ST/STM32469IDISCO/target/bsp/source/bsp/Buttons.o
LOAD build/ST/STM32469IDISCO/target/bsp/source/BoardConfiguration.o
LOAD build/ST/STM32469IDISCO/target/bsp/source/GPIO.o
LOAD build/ST/STM32469IDISCO/target/os/FreeRTOS7.6.0/Source/croutine.o
LOAD build/ST/STM32469IDISCO/target/os/FreeRTOS7.6.0/Source/list.o
LOAD build/ST/STM32469IDISCO/target/os/FreeRTOS7.6.0/Source/queue.o
LOAD build/ST/STM32469IDISCO/target/os/FreeRTOS7.6.0/Source/tasks.o
LOAD build/ST/STM32469IDISCO/target/os/FreeRTOS7.6.0/Source/timers.o
LOAD build/ST/STM32469IDISCO/target/os/FreeRTOS7.6.0/Source/portable/MemMang/heap_2.o
LOAD build/ST/STM32469IDISCO/target/os/FreeRTOS7.6.0/Source/portable/GCC/ARM_CM4F/port.o
LOAD build/ST/STM32469IDISCO/target/gcc/isr.o
LOAD build/ST/STM32469IDISCO/target/bsp/source/vendor/STM32469I-Discovery/stm32469i_discovery.o
LOAD build/ST/STM32469IDISCO/target/bsp/source/vendor/STM32469I-Discovery/stm32469i_discovery_lcd.o
LOAD build/ST/STM32469IDISCO/target/bsp/source/vendor/STM32469I-Discovery/stm32469i_discovery_qspi.o
LOAD build/ST/STM32469IDISCO/target/bsp/source/vendor/STM32469I-Discovery/stm32469i_discovery_sdram.o
LOAD build/ST/STM32469IDISCO/target/bsp/source/vendor/STM32469I-Discovery/stm32469i_discovery_ts.o
LOAD build/ST/STM32469IDISCO/target/bsp/source/vendor/Components/ft6x06/ft6x06.o
LOAD build/ST/STM32469IDISCO/target/bsp/source/vendor/Components/otm8009a/otm8009a.o
LOAD build/ST/STM32469IDISCO/target/bsp/source/platform/hal/mcu/stm32f4cube/STM32F4xx_HAL_Driver/stm32f4xx_hal.o
LOAD build/ST/STM32469IDISCO/target/bsp/source/platform/hal/mcu/stm32f4cube/STM32F4xx_HAL_Driver/stm32f4xx_hal_cortex.o
LOAD build/ST/STM32469IDISCO/target/bsp/source/platform/hal/mcu/stm32f4cube/STM32F4xx_HAL_Driver/stm32f4xx_hal_dma.o
LOAD build/ST/STM32469IDISCO/target/bsp/source/platform/hal/mcu/stm32f4cube/STM32F4xx_HAL_Driver/stm32f4xx_hal_dma2d.o
LOAD build/ST/STM32469IDISCO/target/bsp/source/platform/hal/mcu/stm32f4cube/STM32F4xx_HAL_Driver/stm32f4xx_hal_dma_ex.o
LOAD build/ST/STM32469IDISCO/target/bsp/source/platform/hal/mcu/stm32f4cube/STM32F4xx_HAL_Driver/stm32f4xx_hal_gpio.o
LOAD build/ST/STM32469IDISCO/target/bsp/source/platform/hal/mcu/stm32f4cube/STM32F4xx_HAL_Driver/stm32f4xx_hal_i2c.o
LOAD build/ST/STM32469IDISCO/target/bsp/source/platform/hal/mcu/stm32f4cube/STM32F4xx_HAL_Driver/stm32f4xx_hal_ltdc.o
LOAD build/ST/STM32469IDISCO/target/bsp/source/platform/hal/mcu/stm32f4cube/STM32F4xx_HAL_Driver/stm32f4xx_hal_ltdc_ex.o
LOAD build/ST/STM32469IDISCO/target/bsp/source/platform/hal/mcu/stm32f4cube/STM32F4xx_HAL_Driver/stm32f4xx_hal_qspi.o
LOAD build/ST/STM32469IDISCO/target/bsp/source/platform/hal/mcu/stm32f4cube/STM32F4xx_HAL_Driver/stm32f4xx_hal_dsi.o
LOAD build/ST/STM32469IDISCO/target/bsp/source/platform/hal/mcu/stm32f4cube/STM32F4xx_HAL_Driver/stm32f4xx_hal_pwr_ex.o
LOAD build/ST/STM32469IDISCO/target/bsp/source/platform/hal/mcu/stm32f4cube/STM32F4xx_HAL_Driver/stm32f4xx_hal_rcc.o
LOAD build/ST/STM32469IDISCO/target/bsp/source/platform/hal/mcu/stm32f4cube/STM32F4xx_HAL_Driver/stm32f4xx_hal_rcc_ex.o
LOAD build/ST/STM32469IDISCO/target/bsp/source/platform/hal/mcu/stm32f4cube/STM32F4xx_HAL_Driver/stm32f4xx_hal_sdram.o
LOAD build/ST/STM32469IDISCO/target/bsp/source/platform/hal/mcu/stm32f4cube/STM32F4xx_HAL_Driver/stm32f4xx_ll_fmc.o
LOAD build/ST/STM32469IDISCO/target/bsp/source/platform/hal/mcu/stm32f4cube/STM32F4xx_HAL_Driver/stm32f4xx_ll_fsmc.o
LOAD build/ST/STM32469IDISCO/target/bsp/source/platform/hal/mcu/stm32f4cube/CMSIS/system_stm32f4xx.o
START GROUP
LOAD touchgfx//lib/core/cortex_m4f/gcc\libtouchgfx.a
END GROUP
LOAD d:/touchgfx/4.10.0/env/mingw/msys/1.0/gnu-arm-gcc/bin/../lib/gcc/arm-none-eabi/6.3.1/../../../../arm-none-eabi/lib/thumb/v7e-m/fpv4-sp/softfp\libstdc++.a
LOAD d:/touchgfx/4.10.0/env/mingw/msys/1.0/gnu-arm-gcc/bin/../lib/gcc/arm-none-eabi/6.3.1/../../../../arm-none-eabi/lib/thumb/v7e-m/fpv4-sp/softfp\libm.a
START GROUP
LOAD d:/touchgfx/4.10.0/env/mingw/msys/1.0/gnu-arm-gcc/bin/../lib/gcc/arm-none-eabi/6.3.1/thumb/v7e-m/fpv4-sp/softfp\libgcc.a
LOAD d:/touchgfx/4.10.0/env/mingw/msys/1.0/gnu-arm-gcc/bin/../lib/gcc/arm-none-eabi/6.3.1/../../../../arm-none-eabi/lib/thumb/v7e-m/fpv4-sp/softfp\libg.a
LOAD d:/touchgfx/4.10.0/env/mingw/msys/1.0/gnu-arm-gcc/bin/../lib/gcc/arm-none-eabi/6.3.1/../../../../arm-none-eabi/lib/thumb/v7e-m/fpv4-sp/softfp\libc.a
END GROUP
                0x00000400                _STACKSIZE = 0x400
                0x00000200                _HEAPSIZE = 0x200

.text           0x08000000     0xbee0
 CREATE_OBJECT_SYMBOLS
 *(.isr_vectors)
 .isr_vectors   0x08000000      0x1b4 build/ST/STM32469IDISCO/target/gcc/isr.o
                0x08000000                g_pfnVectors
 *(.text .text.*)
 .text._ZN16Screen1PresenterD2Ev
                0x080001b4        0x8 build/ST/STM32469IDISCO/gui/src/screen1_screen/Screen1Presenter.o
                0x080001b4                Screen1Presenter::~Screen1Presenter()
                0x080001b4                Screen1Presenter::~Screen1Presenter()
                0x080001b6                non-virtual thunk to Screen1Presenter::~Screen1Presenter()
 .text._ZN16Screen1Presenter10deactivateEv
                0x080001bc        0x2 build/ST/STM32469IDISCO/gui/src/screen1_screen/Screen1Presenter.o
                0x080001bc                Screen1Presenter::deactivate()
                0x080001bc                Screen1Presenter::activate()
 .text._ZN16Screen1PresenterD0Ev
                0x080001be       0x14 build/ST/STM32469IDISCO/gui/src/screen1_screen/Screen1Presenter.o
                0x080001be                Screen1Presenter::~Screen1Presenter()
                0x080001cc                non-virtual thunk to Screen1Presenter::~Screen1Presenter()
 *fill*         0x080001d2        0x2 00000000
 .text._ZN16Screen1PresenterC2ER11Screen1View
                0x080001d4       0x1c build/ST/STM32469IDISCO/gui/src/screen1_screen/Screen1Presenter.o
                0x080001d4                Screen1Presenter::Screen1Presenter(Screen1View&)
                0x080001d4                Screen1Presenter::Screen1Presenter(Screen1View&)
 .text._ZN8touchgfx6Screen15afterTransitionEv
                0x080001f0        0x2 build/ST/STM32469IDISCO/gui/src/screen1_screen/Screen1View.o
                0x080001f0                touchgfx::Screen::afterTransition()
 .text._ZN8touchgfx6Screen15handleTickEventEv
                0x080001f2        0x2 build/ST/STM32469IDISCO/gui/src/screen1_screen/Screen1View.o
                0x080001f2                touchgfx::Screen::handleTickEvent()
 .text._ZN8touchgfx6Screen14handleKeyEventEh
                0x080001f4        0x2 build/ST/STM32469IDISCO/gui/src/screen1_screen/Screen1View.o
                0x080001f4                touchgfx::Screen::handleKeyEvent(unsigned char)
 .text._ZN11Screen1ViewD2Ev
                0x080001f6        0x2 build/ST/STM32469IDISCO/gui/src/screen1_screen/Screen1View.o
                0x080001f6                Screen1View::~Screen1View()
                0x080001f6                Screen1View::~Screen1View()
 .text._ZN11Screen1View14tearDownScreenEv
                0x080001f8        0x2 build/ST/STM32469IDISCO/gui/src/screen1_screen/Screen1View.o
                0x080001f8                Screen1View::tearDownScreen()
 .text._ZN11Screen1View11setupScreenEv
                0x080001fa        0x4 build/ST/STM32469IDISCO/gui/src/screen1_screen/Screen1View.o
                0x080001fa                Screen1View::setupScreen()
 .text._ZN11Screen1ViewD0Ev
                0x080001fe        0xe build/ST/STM32469IDISCO/gui/src/screen1_screen/Screen1View.o
                0x080001fe                Screen1View::~Screen1View()
 .text._ZN11Screen1ViewC2Ev
                0x0800020c       0x14 build/ST/STM32469IDISCO/gui/src/screen1_screen/Screen1View.o
                0x0800020c                Screen1View::Screen1View()
                0x0800020c                Screen1View::Screen1View()
 .text._ZN5ModelC2Ev
                0x08000220        0x6 build/ST/STM32469IDISCO/gui/src/model/Model.o
                0x08000220                Model::Model()
                0x08000220                Model::Model()
 .text._ZN5Model4tickEv
                0x08000226        0x2 build/ST/STM32469IDISCO/gui/src/model/Model.o
                0x08000226                Model::tick()
 .text._ZN8touchgfx11Application15appSwitchScreenEh
                0x08000228        0x2 build/ST/STM32469IDISCO/gui/src/common/FrontendApplication.o
                0x08000228                touchgfx::Application::appSwitchScreen(unsigned char)
 .text._ZN19FrontendApplicationD2Ev
                0x0800022a        0x2 build/ST/STM32469IDISCO/gui/src/common/FrontendApplication.o
                0x0800022a                FrontendApplication::~FrontendApplication()
                0x0800022a                FrontendApplication::~FrontendApplication()
 .text._ZN19FrontendApplicationD0Ev
                0x0800022c       0x10 build/ST/STM32469IDISCO/gui/src/common/FrontendApplication.o
                0x0800022c                FrontendApplication::~FrontendApplication()
 .text._ZN19FrontendApplication15handleTickEventEv
                0x0800023c       0x16 build/ST/STM32469IDISCO/gui/src/common/FrontendApplication.o
                0x0800023c                FrontendApplication::handleTickEvent()
 .text._ZN8touchgfx14MVPApplication29handlePendingScreenTransitionEv
                0x08000252       0x24 build/ST/STM32469IDISCO/gui/src/common/FrontendApplication.o
                0x08000252                touchgfx::MVPApplication::handlePendingScreenTransition()
 *fill*         0x08000276        0x2 00000000
 .text._ZN19FrontendApplicationC2ER5ModelR12FrontendHeap
                0x08000278       0x14 build/ST/STM32469IDISCO/gui/src/common/FrontendApplication.o
                0x08000278                FrontendApplication::FrontendApplication(Model&, FrontendHeap&)
                0x08000278                FrontendApplication::FrontendApplication(Model&, FrontendHeap&)
 .text._ZN8touchgfx8Drawable11setPositionEssss
                0x0800028c       0x28 build/ST/STM32469IDISCO/generated/gui_generated/src/screen1_screen/Screen1ViewBase.o
                0x0800028c                touchgfx::Drawable::setPosition(short, short, short, short)
 .text._ZN8touchgfx8Drawable4setXEs
                0x080002b4        0x4 build/ST/STM32469IDISCO/generated/gui_generated/src/screen1_screen/Screen1ViewBase.o
                0x080002b4                touchgfx::Drawable::setX(short)
 .text._ZN8touchgfx8Drawable4setYEs
                0x080002b8        0x4 build/ST/STM32469IDISCO/generated/gui_generated/src/screen1_screen/Screen1ViewBase.o
                0x080002b8                touchgfx::Drawable::setY(short)
 .text._ZN8touchgfx8Drawable5setXYEss
                0x080002bc       0x1a build/ST/STM32469IDISCO/generated/gui_generated/src/screen1_screen/Screen1ViewBase.o
                0x080002bc                touchgfx::Drawable::setXY(short, short)
 .text._ZN8touchgfx8Drawable8setWidthEs
                0x080002d6        0x4 build/ST/STM32469IDISCO/generated/gui_generated/src/screen1_screen/Screen1ViewBase.o
                0x080002d6                touchgfx::Drawable::setWidth(short)
 .text._ZN8touchgfx8Drawable9setHeightEs
                0x080002da        0x4 build/ST/STM32469IDISCO/generated/gui_generated/src/screen1_screen/Screen1ViewBase.o
                0x080002da                touchgfx::Drawable::setHeight(short)
 .text._ZN8touchgfx8Drawable20childGeometryChangedEv
                0x080002de        0x2 build/ST/STM32469IDISCO/generated/gui_generated/src/screen1_screen/Screen1ViewBase.o
                0x080002de                touchgfx::Drawable::childGeometryChanged()
 .text._ZN8touchgfx8Drawable16handleClickEventERKNS_10ClickEventE
                0x080002e0        0x2 build/ST/STM32469IDISCO/generated/gui_generated/src/screen1_screen/Screen1ViewBase.o
                0x080002e0                touchgfx::Drawable::handleClickEvent(touchgfx::ClickEvent const&)
 .text._ZN8touchgfx8Drawable18handleGestureEventERKNS_12GestureEventE
                0x080002e2        0x2 build/ST/STM32469IDISCO/generated/gui_generated/src/screen1_screen/Screen1ViewBase.o
                0x080002e2                touchgfx::Drawable::handleGestureEvent(touchgfx::GestureEvent const&)
 .text._ZN8touchgfx8Drawable15handleDragEventERKNS_9DragEventE
                0x080002e4        0x2 build/ST/STM32469IDISCO/generated/gui_generated/src/screen1_screen/Screen1ViewBase.o
                0x080002e4                touchgfx::Drawable::handleDragEvent(touchgfx::DragEvent const&)
 .text._ZN8touchgfx8Drawable15handleTickEventEv
                0x080002e6        0x2 build/ST/STM32469IDISCO/generated/gui_generated/src/screen1_screen/Screen1ViewBase.o
                0x080002e6                touchgfx::Drawable::handleTickEvent()
 .text._ZN8touchgfx8Drawable6moveToEss
                0x080002e8       0x18 build/ST/STM32469IDISCO/generated/gui_generated/src/screen1_screen/Screen1ViewBase.o
                0x080002e8                touchgfx::Drawable::moveTo(short, short)
 .text._ZN8touchgfx8Drawable14setupDrawChainERKNS_4RectEPPS0_
                0x08000300       0x12 build/ST/STM32469IDISCO/generated/gui_generated/src/screen1_screen/Screen1ViewBase.o
                0x08000300                touchgfx::Drawable::setupDrawChain(touchgfx::Rect const&, touchgfx::Drawable**)
 .text._ZN8touchgfx6Screen11setupScreenEv
                0x08000312        0x2 build/ST/STM32469IDISCO/generated/gui_generated/src/screen1_screen/Screen1ViewBase.o
                0x08000312                touchgfx::Screen::setupScreen()
 .text._ZN8touchgfx6Screen14tearDownScreenEv
                0x08000314        0x2 build/ST/STM32469IDISCO/generated/gui_generated/src/screen1_screen/Screen1ViewBase.o
                0x08000314                touchgfx::Screen::tearDownScreen()
 .text._ZN8touchgfx6Widget12getLastChildEssPPNS_8DrawableE
                0x08000316       0x10 build/ST/STM32469IDISCO/generated/gui_generated/src/screen1_screen/Screen1ViewBase.o
                0x08000316                touchgfx::Widget::getLastChild(short, short, touchgfx::Drawable**)
 .text._ZN15Screen1ViewBaseD2Ev
                0x08000326        0x2 build/ST/STM32469IDISCO/generated/gui_generated/src/screen1_screen/Screen1ViewBase.o
                0x08000326                Screen1ViewBase::~Screen1ViewBase()
                0x08000326                Screen1ViewBase::~Screen1ViewBase()
 .text._ZN15Screen1ViewBase11setupScreenEv
                0x08000328        0x2 build/ST/STM32469IDISCO/generated/gui_generated/src/screen1_screen/Screen1ViewBase.o
                0x08000328                Screen1ViewBase::setupScreen()
 .text._ZN15Screen1ViewBaseD0Ev
                0x0800032a        0xe build/ST/STM32469IDISCO/generated/gui_generated/src/screen1_screen/Screen1ViewBase.o
                0x0800032a                Screen1ViewBase::~Screen1ViewBase()
 .text._ZN15Screen1ViewBaseC2Ev
                0x08000338      0x114 build/ST/STM32469IDISCO/generated/gui_generated/src/screen1_screen/Screen1ViewBase.o
                0x08000338                Screen1ViewBase::Screen1ViewBase()
                0x08000338                Screen1ViewBase::Screen1ViewBase()
 .text._ZN8touchgfx10Transition8tearDownEv
                0x0800044c        0x2 build/ST/STM32469IDISCO/generated/gui_generated/src/common/FrontendApplicationBase.o
                0x0800044c                touchgfx::Transition::tearDown()
 .text._ZN8touchgfx10Transition4initEv
                0x0800044e        0x2 build/ST/STM32469IDISCO/generated/gui_generated/src/common/FrontendApplicationBase.o
                0x0800044e                touchgfx::Transition::init()
 .text._ZN8touchgfx10Transition18setScreenContainerERNS_9ContainerE
                0x08000450        0x4 build/ST/STM32469IDISCO/generated/gui_generated/src/common/FrontendApplicationBase.o
                0x08000450                touchgfx::Transition::setScreenContainer(touchgfx::Container&)
 .text._ZN23FrontendApplicationBaseD2Ev
                0x08000454        0x2 build/ST/STM32469IDISCO/generated/gui_generated/src/common/FrontendApplicationBase.o
                0x08000454                FrontendApplicationBase::~FrontendApplicationBase()
                0x08000454                FrontendApplicationBase::~FrontendApplicationBase()
 .text._ZN8touchgfx12NoTransitionD2Ev
                0x08000456        0x2 build/ST/STM32469IDISCO/generated/gui_generated/src/common/FrontendApplicationBase.o
                0x08000456                touchgfx::NoTransition::~NoTransition()
                0x08000456                touchgfx::NoTransition::~NoTransition()
 .text._ZN8touchgfx12NoTransition15handleTickEventEv
                0x08000458        0x6 build/ST/STM32469IDISCO/generated/gui_generated/src/common/FrontendApplicationBase.o
                0x08000458                touchgfx::NoTransition::handleTickEvent()
 .text._ZN8touchgfx8CallbackI23FrontendApplicationBasevvvED2Ev
                0x0800045e        0x2 build/ST/STM32469IDISCO/generated/gui_generated/src/common/FrontendApplicationBase.o
                0x0800045e                touchgfx::Callback<FrontendApplicationBase, void, void, void>::~Callback()
                0x0800045e                touchgfx::Callback<FrontendApplicationBase, void, void, void>::~Callback()
 .text._ZN8touchgfx8CallbackI23FrontendApplicationBasevvvE7executeEv
                0x08000460       0x1a build/ST/STM32469IDISCO/generated/gui_generated/src/common/FrontendApplicationBase.o
                0x08000460                touchgfx::Callback<FrontendApplicationBase, void, void, void>::execute()
 .text._ZNK8touchgfx8CallbackI23FrontendApplicationBasevvvE7isValidEv
                0x0800047a       0x18 build/ST/STM32469IDISCO/generated/gui_generated/src/common/FrontendApplicationBase.o
                0x0800047a                touchgfx::Callback<FrontendApplicationBase, void, void, void>::isValid() const
 .text._ZN8touchgfx12NoTransitionD0Ev
                0x08000492        0xe build/ST/STM32469IDISCO/generated/gui_generated/src/common/FrontendApplicationBase.o
                0x08000492                touchgfx::NoTransition::~NoTransition()
 .text._ZN23FrontendApplicationBaseD0Ev
                0x080004a0       0x10 build/ST/STM32469IDISCO/generated/gui_generated/src/common/FrontendApplicationBase.o
                0x080004a0                FrontendApplicationBase::~FrontendApplicationBase()
 .text._ZN8touchgfx8CallbackI23FrontendApplicationBasevvvED0Ev
                0x080004b0        0xe build/ST/STM32469IDISCO/generated/gui_generated/src/common/FrontendApplicationBase.o
                0x080004b0                touchgfx::Callback<FrontendApplicationBase, void, void, void>::~Callback()
 *fill*         0x080004be        0x2 00000000
 .text._ZN23FrontendApplicationBaseC2ER5ModelR12FrontendHeap
                0x080004c0       0x48 build/ST/STM32469IDISCO/generated/gui_generated/src/common/FrontendApplicationBase.o
                0x080004c0                FrontendApplicationBase::FrontendApplicationBase(Model&, FrontendHeap&)
                0x080004c0                FrontendApplicationBase::FrontendApplicationBase(Model&, FrontendHeap&)
 .text._ZN23FrontendApplicationBase29gotoScreen1ScreenNoTransitionEv
                0x08000508       0x20 build/ST/STM32469IDISCO/generated/gui_generated/src/common/FrontendApplicationBase.o
                0x08000508                FrontendApplicationBase::gotoScreen1ScreenNoTransition()
 .text._ZN8touchgfx14makeTransitionI11Screen1View16Screen1PresenterNS_12NoTransitionE5ModelEEPT0_PPNS_6ScreenEPPNS_9PresenterERNS_7MVPHeapEPPNS_10TransitionEPT2_
                0x08000528      0x140 build/ST/STM32469IDISCO/generated/gui_generated/src/common/FrontendApplicationBase.o
                0x08000528                Screen1Presenter* touchgfx::makeTransition<Screen1View, Screen1Presenter, touchgfx::NoTransition, Model>(touchgfx::Screen**, touchgfx::Presenter**, touchgfx::MVPHeap&, touchgfx::Transition**, Model*)
 .text._ZN23FrontendApplicationBase33gotoScreen1ScreenNoTransitionImplEv
                0x08000668       0x28 build/ST/STM32469IDISCO/generated/gui_generated/src/common/FrontendApplicationBase.o
                0x08000668                FrontendApplicationBase::gotoScreen1ScreenNoTransitionImpl()
 .text._ZN8touchgfx17InternalFlashFontD2Ev
                0x08000690        0x2 build/ST/STM32469IDISCO/generated/fonts/src/FontGetters.o
                0x08000690                touchgfx::InternalFlashFont::~InternalFlashFont()
                0x08000690                touchgfx::InternalFlashFont::~InternalFlashFont()
 *fill*         0x08000692        0x2 00000000
 .text._Z23getFont_verdana_10_4bppv
                0x08000694       0x70 build/ST/STM32469IDISCO/generated/fonts/src/FontGetters.o
                0x08000694                getFont_verdana_10_4bpp()
 .text._Z23getFont_verdana_20_4bppv
                0x08000704       0x70 build/ST/STM32469IDISCO/generated/fonts/src/FontGetters.o
                0x08000704                getFont_verdana_20_4bpp()
 .text._Z23getFont_verdana_40_4bppv
                0x08000774       0x70 build/ST/STM32469IDISCO/generated/fonts/src/FontGetters.o
                0x08000774                getFont_verdana_40_4bpp()
 .text._ZN8touchgfx17InternalFlashFontD0Ev
                0x080007e4        0xe build/ST/STM32469IDISCO/generated/fonts/src/FontGetters.o
                0x080007e4                touchgfx::InternalFlashFont::~InternalFlashFont()
 .text._ZN23ApplicationFontProviderD2Ev
                0x080007f2        0x2 build/ST/STM32469IDISCO/generated/fonts/src/ApplicationFontProvider.o
                0x080007f2                ApplicationFontProvider::~ApplicationFontProvider()
                0x080007f2                ApplicationFontProvider::~ApplicationFontProvider()
 .text._ZN23ApplicationFontProvider7getFontEt
                0x080007f4       0x1a build/ST/STM32469IDISCO/generated/fonts/src/ApplicationFontProvider.o
                0x080007f4                ApplicationFontProvider::getFont(unsigned short)
 .text._ZN23ApplicationFontProviderD0Ev
                0x0800080e        0xe build/ST/STM32469IDISCO/generated/fonts/src/ApplicationFontProvider.o
                0x0800080e                ApplicationFontProvider::~ApplicationFontProvider()
 .text._ZN14BitmapDatabase11getInstanceEv
                0x0800081c        0x8 build/ST/STM32469IDISCO/generated/images/src/BitmapDatabase.o
                0x0800081c                BitmapDatabase::getInstance()
 .text._ZN14BitmapDatabase15getInstanceSizeEv
                0x08000824        0x4 build/ST/STM32469IDISCO/generated/images/src/BitmapDatabase.o
                0x08000824                BitmapDatabase::getInstanceSize()
 .text._ZN17TypedTextDatabase11getInstanceEt
                0x08000828        0x8 build/ST/STM32469IDISCO/generated/texts/src/TypedTextDatabase.o
                0x08000828                TypedTextDatabase::getInstance(unsigned short)
 .text._ZN17TypedTextDatabase15getInstanceSizeEv
                0x08000830        0x4 build/ST/STM32469IDISCO/generated/texts/src/TypedTextDatabase.o
                0x08000830                TypedTextDatabase::getInstanceSize()
 .text._ZN17TypedTextDatabase8getFontsEv
                0x08000834        0x8 build/ST/STM32469IDISCO/generated/texts/src/TypedTextDatabase.o
                0x08000834                TypedTextDatabase::getFonts()
 .text.startup._GLOBAL__sub_I__ZN17TypedTextDatabase11getInstanceEt
                0x0800083c       0x1c build/ST/STM32469IDISCO/generated/texts/src/TypedTextDatabase.o
 .text._ZN8touchgfx5Texts11setLanguageEt
                0x08000858       0x40 build/ST/STM32469IDISCO/generated/texts/src/Texts.o
                0x08000858                touchgfx::Texts::setLanguage(unsigned short)
 .text.startup._GLOBAL__sub_I__ZN8touchgfx4Font22getStringWidthFunctionE
                0x08000898        0xc build/ST/STM32469IDISCO/generated/texts/src/Texts.o
 .text._ZL12IdleTaskHookPv
                0x080008a4       0x18 build/ST/STM32469IDISCO/target/os/FreeRTOS7.6.0/OSWrappers.o
 .text._ZN8touchgfx10OSWrappers10initializeEv
                0x080008bc       0x34 build/ST/STM32469IDISCO/target/os/FreeRTOS7.6.0/OSWrappers.o
                0x080008bc                touchgfx::OSWrappers::initialize()
 .text._ZN8touchgfx10OSWrappers24takeFrameBufferSemaphoreEv
                0x080008f0       0x14 build/ST/STM32469IDISCO/target/os/FreeRTOS7.6.0/OSWrappers.o
                0x080008f0                touchgfx::OSWrappers::takeFrameBufferSemaphore()
 .text._ZN8touchgfx10OSWrappers24giveFrameBufferSemaphoreEv
                0x08000904       0x14 build/ST/STM32469IDISCO/target/os/FreeRTOS7.6.0/OSWrappers.o
                0x08000904                touchgfx::OSWrappers::giveFrameBufferSemaphore()
 .text._ZN8touchgfx10OSWrappers27tryTakeFrameBufferSemaphoreEv
                0x08000918       0x14 build/ST/STM32469IDISCO/target/os/FreeRTOS7.6.0/OSWrappers.o
                0x08000918                touchgfx::OSWrappers::tryTakeFrameBufferSemaphore()
 .text._ZN8touchgfx10OSWrappers31giveFrameBufferSemaphoreFromISREv
                0x0800092c       0x30 build/ST/STM32469IDISCO/target/os/FreeRTOS7.6.0/OSWrappers.o
                0x0800092c                touchgfx::OSWrappers::giveFrameBufferSemaphoreFromISR()
 .text._ZN8touchgfx10OSWrappers11signalVSyncEv
                0x0800095c       0x34 build/ST/STM32469IDISCO/target/os/FreeRTOS7.6.0/OSWrappers.o
                0x0800095c                touchgfx::OSWrappers::signalVSync()
 .text._ZN8touchgfx10OSWrappers12waitForVSyncEv
                0x08000990       0x2c build/ST/STM32469IDISCO/target/os/FreeRTOS7.6.0/OSWrappers.o
                0x08000990                touchgfx::OSWrappers::waitForVSync()
 .text.vApplicationStackOverflowHook
                0x080009bc        0x2 build/ST/STM32469IDISCO/target/os/FreeRTOS7.6.0/OSWrappers.o
                0x080009bc                vApplicationStackOverflowHook
 .text.vApplicationMallocFailedHook
                0x080009be        0x2 build/ST/STM32469IDISCO/target/os/FreeRTOS7.6.0/OSWrappers.o
                0x080009be                vApplicationMallocFailedHook
 .text.vApplicationIdleHook
                0x080009c0        0xc build/ST/STM32469IDISCO/target/os/FreeRTOS7.6.0/OSWrappers.o
                0x080009c0                vApplicationIdleHook
 .text.__cxa_atexit
                0x080009cc        0x2 build/ST/STM32469IDISCO/target/gcc/gccstubs.o
                0x080009cc                __cxa_atexit
 .text.__cxa_guard_acquire
                0x080009ce        0x2 build/ST/STM32469IDISCO/target/gcc/gccstubs.o
                0x080009ce                __cxa_guard_acquire
 .text.__cxa_guard_release
                0x080009d0        0x2 build/ST/STM32469IDISCO/target/gcc/gccstubs.o
                0x080009d0                __cxa_guard_release
 .text.__cxa_pure_virtual
                0x080009d2        0x2 build/ST/STM32469IDISCO/target/gcc/gccstubs.o
                0x080009d2                __cxa_pure_virtual
 .text._sbrk    0x080009d4       0x2c build/ST/STM32469IDISCO/target/gcc/gccstubs.o
                0x080009d4                _sbrk
 .text.__assert_func
                0x08000a00        0x2 build/ST/STM32469IDISCO/target/gcc/gccstubs.o
                0x08000a00                __assert_func
 *fill*         0x08000a02        0x2 00000000
 .text._ZL7GUITaskPv
                0x08000a04       0x10 build/ST/STM32469IDISCO/target/main.o
 .text.startup.main
                0x08000a14       0x30 build/ST/STM32469IDISCO/target/main.o
                0x08000a14                main
 .text._ZN22OTM8009TouchControllerD2Ev
                0x08000a44        0x2 build/ST/STM32469IDISCO/target/bsp/source/bsp/OTM8009TouchController.o
                0x08000a44                OTM8009TouchController::~OTM8009TouchController()
                0x08000a44                OTM8009TouchController::~OTM8009TouchController()
 .text._ZN22OTM8009TouchController4initEv
                0x08000a46       0x1e build/ST/STM32469IDISCO/target/bsp/source/bsp/OTM8009TouchController.o
                0x08000a46                OTM8009TouchController::init()
 .text._ZN22OTM8009TouchControllerD0Ev
                0x08000a64        0xe build/ST/STM32469IDISCO/target/bsp/source/bsp/OTM8009TouchController.o
                0x08000a64                OTM8009TouchController::~OTM8009TouchController()
 .text._ZN22OTM8009TouchController11sampleTouchERlS0_
                0x08000a72       0x2c build/ST/STM32469IDISCO/target/bsp/source/bsp/OTM8009TouchController.o
                0x08000a72                OTM8009TouchController::sampleTouch(long&, long&)
 .text._ZN8touchgfx13DMA_Interface5flushEv
                0x08000a9e        0x6 build/ST/STM32469IDISCO/target/bsp/source/platform/hal/mcu/stm32f4cube/STM32F4DMA.o
                0x08000a9e                touchgfx::DMA_Interface::flush()
 .text._ZN10STM32F4DMA18signalDMAInterruptEv
                0x08000aa4        0x6 build/ST/STM32469IDISCO/target/bsp/source/platform/hal/mcu/stm32f4cube/STM32F4DMA.o
                0x08000aa4                STM32F4DMA::signalDMAInterrupt()
 .text._ZN10STM32F4DMA11enableAlphaEh
                0x08000aaa        0x2 build/ST/STM32469IDISCO/target/bsp/source/platform/hal/mcu/stm32f4cube/STM32F4DMA.o
                0x08000aaa                STM32F4DMA::enableAlpha(unsigned char)
 .text._ZN10STM32F4DMAD2Ev
                0x08000aac        0x2 build/ST/STM32469IDISCO/target/bsp/source/platform/hal/mcu/stm32f4cube/STM32F4DMA.o
                0x08000aac                STM32F4DMA::~STM32F4DMA()
                0x08000aac                STM32F4DMA::~STM32F4DMA()
 *fill*         0x08000aae        0x2 00000000
 .text._ZN10STM32F4DMA10initializeEv
                0x08000ab0       0x18 build/ST/STM32469IDISCO/target/bsp/source/platform/hal/mcu/stm32f4cube/STM32F4DMA.o
                0x08000ab0                STM32F4DMA::initialize()
 .text._ZN10STM32F4DMA11getBlitCapsEv
                0x08000ac8       0x14 build/ST/STM32469IDISCO/target/bsp/source/platform/hal/mcu/stm32f4cube/STM32F4DMA.o
                0x08000ac8                STM32F4DMA::getBlitCaps()
 .text._ZN10STM32F4DMA18setupFillWithAlphaERKN8touchgfx6BlitOpE
                0x08000adc      0x11c build/ST/STM32469IDISCO/target/bsp/source/platform/hal/mcu/stm32f4cube/STM32F4DMA.o
                0x08000adc                STM32F4DMA::setupFillWithAlpha(touchgfx::BlitOp const&)
 .text._ZN10STM32F4DMAD0Ev
                0x08000bf8       0x10 build/ST/STM32469IDISCO/target/bsp/source/platform/hal/mcu/stm32f4cube/STM32F4DMA.o
                0x08000bf8                STM32F4DMA::~STM32F4DMA()
 .text._ZN10STM32F4DMA13setupDataCopyERKN8touchgfx6BlitOpE
                0x08000c08      0x1a8 build/ST/STM32469IDISCO/target/bsp/source/platform/hal/mcu/stm32f4cube/STM32F4DMA.o
                0x08000c08                STM32F4DMA::setupDataCopy(touchgfx::BlitOp const&)
 .text._ZN10STM32F4DMA13setupDataFillERKN8touchgfx6BlitOpE
                0x08000db0       0xf0 build/ST/STM32469IDISCO/target/bsp/source/platform/hal/mcu/stm32f4cube/STM32F4DMA.o
                0x08000db0                STM32F4DMA::setupDataFill(touchgfx::BlitOp const&)
 .text._ZN10STM32F4DMAC2Ev
                0x08000ea0       0x4c build/ST/STM32469IDISCO/target/bsp/source/platform/hal/mcu/stm32f4cube/STM32F4DMA.o
                0x08000ea0                STM32F4DMA::STM32F4DMA()
                0x08000ea0                STM32F4DMA::STM32F4DMA()
 .text._ZN8touchgfx3HAL21setDisplayOrientationENS_18DisplayOrientationE
                0x08000eec        0xc build/ST/STM32469IDISCO/target/bsp/source/platform/hal/mcu/stm32f4cube/STM32F4HAL_DSI.o
                0x08000eec                touchgfx::HAL::setDisplayOrientation(touchgfx::DisplayOrientation)
 .text._ZN8touchgfx3HAL11getBlitCapsEv
                0x08000ef8        0x8 build/ST/STM32469IDISCO/target/bsp/source/platform/hal/mcu/stm32f4cube/STM32F4HAL_DSI.o
                0x08000ef8                touchgfx::HAL::getBlitCaps()
 .text._ZN8touchgfx3HAL9sampleKeyERh
                0x08000f00        0x4 build/ST/STM32469IDISCO/target/bsp/source/platform/hal/mcu/stm32f4cube/STM32F4HAL_DSI.o
                0x08000f00                touchgfx::HAL::sampleKey(unsigned char&)
 .text._ZN8touchgfx3HAL9taskDelayEt
                0x08000f04        0xa build/ST/STM32469IDISCO/target/bsp/source/platform/hal/mcu/stm32f4cube/STM32F4HAL_DSI.o
                0x08000f04                touchgfx::HAL::taskDelay(unsigned short)
 .text._ZN8touchgfx3HAL17getTFTCurrentLineEv
                0x08000f0e        0x6 build/ST/STM32469IDISCO/target/bsp/source/platform/hal/mcu/stm32f4cube/STM32F4HAL_DSI.o
                0x08000f0e                touchgfx::HAL::getTFTCurrentLine()
 .text._ZNK14STM32F4HAL_DSI17getTFTFrameBufferEv
                0x08000f14        0xc build/ST/STM32469IDISCO/target/bsp/source/platform/hal/mcu/stm32f4cube/STM32F4HAL_DSI.o
                0x08000f14                STM32F4HAL_DSI::getTFTFrameBuffer() const
 .text._ZN14STM32F4HAL_DSI19configureInterruptsEv
                0x08000f20       0x14 build/ST/STM32469IDISCO/target/bsp/source/platform/hal/mcu/stm32f4cube/STM32F4HAL_DSI.o
                0x08000f20                STM32F4HAL_DSI::configureInterrupts()
 .text._ZN14STM32F4HAL_DSI17disableInterruptsEv
                0x08000f34       0x18 build/ST/STM32469IDISCO/target/bsp/source/platform/hal/mcu/stm32f4cube/STM32F4HAL_DSI.o
                0x08000f34                STM32F4HAL_DSI::disableInterrupts()
 .text._ZN14STM32F4HAL_DSI16enableInterruptsEv
                0x08000f4c       0x14 build/ST/STM32469IDISCO/target/bsp/source/platform/hal/mcu/stm32f4cube/STM32F4HAL_DSI.o
                0x08000f4c                STM32F4HAL_DSI::enableInterrupts()
 .text._ZN14STM32F4HAL_DSID2Ev
                0x08000f60        0x2 build/ST/STM32469IDISCO/target/bsp/source/platform/hal/mcu/stm32f4cube/STM32F4HAL_DSI.o
                0x08000f60                STM32F4HAL_DSI::~STM32F4HAL_DSI()
                0x08000f60                STM32F4HAL_DSI::~STM32F4HAL_DSI()
 *fill*         0x08000f62        0x2 00000000
 .text._ZN8touchgfx3HAL28setFrameBufferStartAddressesEPvS1_S1_
                0x08000f64       0x44 build/ST/STM32469IDISCO/target/bsp/source/platform/hal/mcu/stm32f4cube/STM32F4HAL_DSI.o
                0x08000f64                touchgfx::HAL::setFrameBufferStartAddresses(void*, void*, void*)
 .text._ZN14STM32F4HAL_DSI28enableLCDControllerInterruptEv
                0x08000fa8       0x34 build/ST/STM32469IDISCO/target/bsp/source/platform/hal/mcu/stm32f4cube/STM32F4HAL_DSI.o
                0x08000fa8                STM32F4HAL_DSI::enableLCDControllerInterrupt()
 .text._ZN14STM32F4HAL_DSI10beginFrameEv
                0x08000fdc       0x10 build/ST/STM32469IDISCO/target/bsp/source/platform/hal/mcu/stm32f4cube/STM32F4HAL_DSI.o
                0x08000fdc                STM32F4HAL_DSI::beginFrame()
 .text._ZN14STM32F4HAL_DSI8endFrameEv
                0x08000fec       0x1c build/ST/STM32469IDISCO/target/bsp/source/platform/hal/mcu/stm32f4cube/STM32F4HAL_DSI.o
                0x08000fec                STM32F4HAL_DSI::endFrame()
 .text._ZN8touchgfx3HAL15backPorchExitedEv
                0x08001008       0x16 build/ST/STM32469IDISCO/target/bsp/source/platform/hal/mcu/stm32f4cube/STM32F4HAL_DSI.o
                0x08001008                touchgfx::HAL::backPorchExited()
 .text._ZN14STM32F4HAL_DSID0Ev
                0x0800101e        0xe build/ST/STM32469IDISCO/target/bsp/source/platform/hal/mcu/stm32f4cube/STM32F4HAL_DSI.o
                0x0800101e                STM32F4HAL_DSI::~STM32F4HAL_DSI()
 .text._ZN8touchgfx3HAL31performDisplayOrientationChangeEv
                0x0800102c       0x60 build/ST/STM32469IDISCO/target/bsp/source/platform/hal/mcu/stm32f4cube/STM32F4HAL_DSI.o
                0x0800102c                touchgfx::HAL::performDisplayOrientationChange()
 .text._ZN14STM32F4HAL_DSI17setTFTFrameBufferEPt
                0x0800108c       0x4c build/ST/STM32469IDISCO/target/bsp/source/platform/hal/mcu/stm32f4cube/STM32F4HAL_DSI.o
                0x0800108c                STM32F4HAL_DSI::setTFTFrameBuffer(unsigned short*)
 .text._ZN14STM32F4HAL_DSI26setFrameBufferStartAddressEPvtbb
                0x080010d8       0x9c build/ST/STM32469IDISCO/target/bsp/source/platform/hal/mcu/stm32f4cube/STM32F4HAL_DSI.o
                0x080010d8                STM32F4HAL_DSI::setFrameBufferStartAddress(void*, unsigned short, bool, bool)
 .text._ZN8touchgfx3HAL17frontPorchEnteredEv
                0x08001174        0x6 build/ST/STM32469IDISCO/target/bsp/source/platform/hal/mcu/stm32f4cube/STM32F4HAL_DSI.o
                0x08001174                touchgfx::HAL::frontPorchEntered()
 *fill*         0x0800117a        0x2 00000000
 .text.DSI_IRQHandler
                0x0800117c      0x1b4 build/ST/STM32469IDISCO/target/bsp/source/platform/hal/mcu/stm32f4cube/STM32F4HAL_DSI.o
                0x0800117c                DSI_IRQHandler
 .text.DMA2D_IRQHandler
                0x08001330       0x24 build/ST/STM32469IDISCO/target/bsp/source/platform/hal/mcu/stm32f4cube/STM32F4HAL_DSI.o
                0x08001330                DMA2D_IRQHandler
 .text._ZN8touchgfx18MCUInstrumentation13getCCConsumedEv
                0x08001354        0x4 build/ST/STM32469IDISCO/target/bsp/source/platform/cortex-m/CortexMMCUInstrumentation.o
                0x08001354                touchgfx::MCUInstrumentation::getCCConsumed()
 .text._ZN8touchgfx18MCUInstrumentation13setCCConsumedEm
                0x08001358        0x4 build/ST/STM32469IDISCO/target/bsp/source/platform/cortex-m/CortexMMCUInstrumentation.o
                0x08001358                touchgfx::MCUInstrumentation::setCCConsumed(unsigned long)
 .text._ZN8touchgfx25CortexMMCUInstrumentation4initEv
                0x0800135c       0x20 build/ST/STM32469IDISCO/target/bsp/source/platform/cortex-m/CortexMMCUInstrumentation.o
                0x0800135c                touchgfx::CortexMMCUInstrumentation::init()
 .text._ZN8touchgfx25CortexMMCUInstrumentation12getElapsedUSEjjj
                0x0800137c        0xc build/ST/STM32469IDISCO/target/bsp/source/platform/cortex-m/CortexMMCUInstrumentation.o
                0x0800137c                touchgfx::CortexMMCUInstrumentation::getElapsedUS(unsigned int, unsigned int, unsigned int)
 .text._ZN8touchgfx25CortexMMCUInstrumentation12getCPUCyclesEv
                0x08001388        0xc build/ST/STM32469IDISCO/target/bsp/source/platform/cortex-m/CortexMMCUInstrumentation.o
                0x08001388                touchgfx::CortexMMCUInstrumentation::getCPUCycles()
 .text._ZN8touchgfx25CortexMMCUInstrumentationD2Ev
                0x08001394        0x2 build/ST/STM32469IDISCO/target/bsp/source/platform/cortex-m/CortexMMCUInstrumentation.o
                0x08001394                touchgfx::CortexMMCUInstrumentation::~CortexMMCUInstrumentation()
                0x08001394                touchgfx::CortexMMCUInstrumentation::~CortexMMCUInstrumentation()
 .text._ZN8touchgfx25CortexMMCUInstrumentationD0Ev
                0x08001396        0xe build/ST/STM32469IDISCO/target/bsp/source/platform/cortex-m/CortexMMCUInstrumentation.o
                0x08001396                touchgfx::CortexMMCUInstrumentation::~CortexMMCUInstrumentation()
 .text._ZN8touchgfx25CortexMMCUInstrumentation12setMCUActiveEb
                0x080013a4       0x1e build/ST/STM32469IDISCO/target/bsp/source/platform/cortex-m/CortexMMCUInstrumentation.o
                0x080013a4                touchgfx::CortexMMCUInstrumentation::setMCUActive(bool)
 .text._ZN8touchgfx16ButtonController5resetEv
                0x080013c2        0x2 build/ST/STM32469IDISCO/target/bsp/source/bsp/KeySampler.o
                0x080013c2                touchgfx::ButtonController::reset()
 .text._ZN8touchgfx10KeySamplerD2Ev
                0x080013c4        0x2 build/ST/STM32469IDISCO/target/bsp/source/bsp/KeySampler.o
                0x080013c4                touchgfx::KeySampler::~KeySampler()
                0x080013c4                touchgfx::KeySampler::~KeySampler()
 *fill*         0x080013c6        0x2 00000000
 .text._ZN8touchgfx10KeySampler4initEv
                0x080013c8       0x14 build/ST/STM32469IDISCO/target/bsp/source/bsp/KeySampler.o
                0x080013c8                touchgfx::KeySampler::init()
 .text._ZN8touchgfx10KeySampler6sampleERh
                0x080013dc       0x40 build/ST/STM32469IDISCO/target/bsp/source/bsp/KeySampler.o
                0x080013dc                touchgfx::KeySampler::sample(unsigned char&)
 .text._ZN8touchgfx10KeySamplerD0Ev
                0x0800141c        0xe build/ST/STM32469IDISCO/target/bsp/source/bsp/KeySampler.o
                0x0800141c                touchgfx::KeySampler::~KeySampler()
 .text._ZN8touchgfx7Buttons4initEv
                0x0800142a        0x8 build/ST/STM32469IDISCO/target/bsp/source/bsp/Buttons.o
                0x0800142a                touchgfx::Buttons::init()
 .text._ZN8touchgfx7Buttons6sampleEv
                0x08001432        0x6 build/ST/STM32469IDISCO/target/bsp/source/bsp/Buttons.o
                0x08001432                touchgfx::Buttons::sample()
 .text._ZN8touchgfx8LCD16bppD2Ev
                0x08001438        0x2 build/ST/STM32469IDISCO/target/bsp/source/BoardConfiguration.o
                0x08001438                touchgfx::LCD16bpp::~LCD16bpp()
                0x08001438                touchgfx::LCD16bpp::~LCD16bpp()
 .text._ZNK8touchgfx9PartitionINS_4meta8TypeListINS_12NoTransitionENS2_INS1_3NilES4_EEEELt1EE8capacityEv
                0x0800143a        0x4 build/ST/STM32469IDISCO/target/bsp/source/BoardConfiguration.o
                0x0800143a                touchgfx::Partition<touchgfx::meta::TypeList<touchgfx::NoTransition, touchgfx::meta::TypeList<touchgfx::meta::Nil, touchgfx::meta::Nil> >, (unsigned short)1>::capacity() const
 .text._ZN8touchgfx9PartitionINS_4meta8TypeListINS_12NoTransitionENS2_INS1_3NilES4_EEEELt1EE12element_sizeEv
                0x0800143e        0x4 build/ST/STM32469IDISCO/target/bsp/source/BoardConfiguration.o
                0x0800143e                touchgfx::Partition<touchgfx::meta::TypeList<touchgfx::NoTransition, touchgfx::meta::TypeList<touchgfx::meta::Nil, touchgfx::meta::Nil> >, (unsigned short)1>::element_size()
 .text._ZN8touchgfx9PartitionINS_4meta8TypeListINS_12NoTransitionENS2_INS1_3NilES4_EEEELt1EE7elementEt
                0x08001442        0xa build/ST/STM32469IDISCO/target/bsp/source/BoardConfiguration.o
                0x08001442                touchgfx::Partition<touchgfx::meta::TypeList<touchgfx::NoTransition, touchgfx::meta::TypeList<touchgfx::meta::Nil, touchgfx::meta::Nil> >, (unsigned short)1>::element(unsigned short)
 .text._ZNK8touchgfx9PartitionINS_4meta8TypeListINS_12NoTransitionENS2_INS1_3NilES4_EEEELt1EE7elementEt
                0x0800144c        0xa build/ST/STM32469IDISCO/target/bsp/source/BoardConfiguration.o
                0x0800144c                touchgfx::Partition<touchgfx::meta::TypeList<touchgfx::NoTransition, touchgfx::meta::TypeList<touchgfx::meta::Nil, touchgfx::meta::Nil> >, (unsigned short)1>::element(unsigned short) const
 .text._ZNK8touchgfx9PartitionINS_4meta8TypeListI11Screen1ViewNS2_INS1_3NilES4_EEEELt1EE8capacityEv
                0x08001456        0x4 build/ST/STM32469IDISCO/target/bsp/source/BoardConfiguration.o
                0x08001456                touchgfx::Partition<touchgfx::meta::TypeList<Screen1View, touchgfx::meta::TypeList<touchgfx::meta::Nil, touchgfx::meta::Nil> >, (unsigned short)1>::capacity() const
 .text._ZN8touchgfx9PartitionINS_4meta8TypeListI11Screen1ViewNS2_INS1_3NilES4_EEEELt1EE12element_sizeEv
                0x0800145a        0x4 build/ST/STM32469IDISCO/target/bsp/source/BoardConfiguration.o
                0x0800145a                touchgfx::Partition<touchgfx::meta::TypeList<Screen1View, touchgfx::meta::TypeList<touchgfx::meta::Nil, touchgfx::meta::Nil> >, (unsigned short)1>::element_size()
 .text._ZN8touchgfx9PartitionINS_4meta8TypeListI11Screen1ViewNS2_INS1_3NilES4_EEEELt1EE7elementEt
                0x0800145e        0xa build/ST/STM32469IDISCO/target/bsp/source/BoardConfiguration.o
                0x0800145e                touchgfx::Partition<touchgfx::meta::TypeList<Screen1View, touchgfx::meta::TypeList<touchgfx::meta::Nil, touchgfx::meta::Nil> >, (unsigned short)1>::element(unsigned short)
 .text._ZNK8touchgfx9PartitionINS_4meta8TypeListI11Screen1ViewNS2_INS1_3NilES4_EEEELt1EE7elementEt
                0x08001468        0xa build/ST/STM32469IDISCO/target/bsp/source/BoardConfiguration.o
                0x08001468                touchgfx::Partition<touchgfx::meta::TypeList<Screen1View, touchgfx::meta::TypeList<touchgfx::meta::Nil, touchgfx::meta::Nil> >, (unsigned short)1>::element(unsigned short) const
 .text._ZNK8touchgfx9PartitionINS_4meta8TypeListI16Screen1PresenterNS2_INS1_3NilES4_EEEELt1EE8capacityEv
                0x08001472        0x4 build/ST/STM32469IDISCO/target/bsp/source/BoardConfiguration.o
                0x08001472                touchgfx::Partition<touchgfx::meta::TypeList<Screen1Presenter, touchgfx::meta::TypeList<touchgfx::meta::Nil, touchgfx::meta::Nil> >, (unsigned short)1>::capacity() const
 .text._ZN8touchgfx9PartitionINS_4meta8TypeListI16Screen1PresenterNS2_INS1_3NilES4_EEEELt1EE12element_sizeEv
                0x08001476        0x4 build/ST/STM32469IDISCO/target/bsp/source/BoardConfiguration.o
                0x08001476                touchgfx::Partition<touchgfx::meta::TypeList<Screen1Presenter, touchgfx::meta::TypeList<touchgfx::meta::Nil, touchgfx::meta::Nil> >, (unsigned short)1>::element_size()
 .text._ZN8touchgfx9PartitionINS_4meta8TypeListI16Screen1PresenterNS2_INS1_3NilES4_EEEELt1EE7elementEt
                0x0800147a        0x8 build/ST/STM32469IDISCO/target/bsp/source/BoardConfiguration.o
                0x0800147a                touchgfx::Partition<touchgfx::meta::TypeList<Screen1Presenter, touchgfx::meta::TypeList<touchgfx::meta::Nil, touchgfx::meta::Nil> >, (unsigned short)1>::element(unsigned short)
 .text._ZNK8touchgfx9PartitionINS_4meta8TypeListI16Screen1PresenterNS2_INS1_3NilES4_EEEELt1EE7elementEt
                0x08001482        0x8 build/ST/STM32469IDISCO/target/bsp/source/BoardConfiguration.o
                0x08001482                touchgfx::Partition<touchgfx::meta::TypeList<Screen1Presenter, touchgfx::meta::TypeList<touchgfx::meta::Nil, touchgfx::meta::Nil> >, (unsigned short)1>::element(unsigned short) const
 .text._ZN16FrontendHeapBase15gotoStartScreenER19FrontendApplication
                0x0800148a        0x6 build/ST/STM32469IDISCO/target/bsp/source/BoardConfiguration.o
                0x0800148a                FrontendHeapBase::gotoStartScreen(FrontendApplication&)
 .text._ZN8touchgfx9PartitionINS_4meta8TypeListINS_12NoTransitionENS2_INS1_3NilES4_EEEELt1EED2Ev
                0x08001490       0x14 build/ST/STM32469IDISCO/target/bsp/source/BoardConfiguration.o
                0x08001490                touchgfx::Partition<touchgfx::meta::TypeList<touchgfx::NoTransition, touchgfx::meta::TypeList<touchgfx::meta::Nil, touchgfx::meta::Nil> >, (unsigned short)1>::~Partition()
                0x08001490                touchgfx::Partition<touchgfx::meta::TypeList<touchgfx::NoTransition, touchgfx::meta::TypeList<touchgfx::meta::Nil, touchgfx::meta::Nil> >, (unsigned short)1>::~Partition()
 .text._ZN8touchgfx9PartitionINS_4meta8TypeListINS_12NoTransitionENS2_INS1_3NilES4_EEEELt1EED0Ev
                0x080014a4       0x14 build/ST/STM32469IDISCO/target/bsp/source/BoardConfiguration.o
                0x080014a4                touchgfx::Partition<touchgfx::meta::TypeList<touchgfx::NoTransition, touchgfx::meta::TypeList<touchgfx::meta::Nil, touchgfx::meta::Nil> >, (unsigned short)1>::~Partition()
 .text._ZN8touchgfx9PartitionINS_4meta8TypeListI11Screen1ViewNS2_INS1_3NilES4_EEEELt1EED2Ev
                0x080014b8       0x14 build/ST/STM32469IDISCO/target/bsp/source/BoardConfiguration.o
                0x080014b8                touchgfx::Partition<touchgfx::meta::TypeList<Screen1View, touchgfx::meta::TypeList<touchgfx::meta::Nil, touchgfx::meta::Nil> >, (unsigned short)1>::~Partition()
                0x080014b8                touchgfx::Partition<touchgfx::meta::TypeList<Screen1View, touchgfx::meta::TypeList<touchgfx::meta::Nil, touchgfx::meta::Nil> >, (unsigned short)1>::~Partition()
 .text._ZN8touchgfx9PartitionINS_4meta8TypeListI11Screen1ViewNS2_INS1_3NilES4_EEEELt1EED0Ev
                0x080014cc       0x14 build/ST/STM32469IDISCO/target/bsp/source/BoardConfiguration.o
                0x080014cc                touchgfx::Partition<touchgfx::meta::TypeList<Screen1View, touchgfx::meta::TypeList<touchgfx::meta::Nil, touchgfx::meta::Nil> >, (unsigned short)1>::~Partition()
 .text._ZN8touchgfx9PartitionINS_4meta8TypeListI16Screen1PresenterNS2_INS1_3NilES4_EEEELt1EED2Ev
                0x080014e0       0x14 build/ST/STM32469IDISCO/target/bsp/source/BoardConfiguration.o
                0x080014e0                touchgfx::Partition<touchgfx::meta::TypeList<Screen1Presenter, touchgfx::meta::TypeList<touchgfx::meta::Nil, touchgfx::meta::Nil> >, (unsigned short)1>::~Partition()
                0x080014e0                touchgfx::Partition<touchgfx::meta::TypeList<Screen1Presenter, touchgfx::meta::TypeList<touchgfx::meta::Nil, touchgfx::meta::Nil> >, (unsigned short)1>::~Partition()
 .text._ZN8touchgfx9PartitionINS_4meta8TypeListI16Screen1PresenterNS2_INS1_3NilES4_EEEELt1EED0Ev
                0x080014f4       0x14 build/ST/STM32469IDISCO/target/bsp/source/BoardConfiguration.o
                0x080014f4                touchgfx::Partition<touchgfx::meta::TypeList<Screen1Presenter, touchgfx::meta::TypeList<touchgfx::meta::Nil, touchgfx::meta::Nil> >, (unsigned short)1>::~Partition()
 .text._ZN12FrontendHeapD2Ev
                0x08001508       0x28 build/ST/STM32469IDISCO/target/bsp/source/BoardConfiguration.o
                0x08001508                FrontendHeap::~FrontendHeap()
                0x08001508                FrontendHeap::~FrontendHeap()
 .text._ZN12FrontendHeapD0Ev
                0x08001530       0x16 build/ST/STM32469IDISCO/target/bsp/source/BoardConfiguration.o
                0x08001530                FrontendHeap::~FrontendHeap()
 .text._ZN8touchgfx8LCD16bppD0Ev
                0x08001546        0xe build/ST/STM32469IDISCO/target/bsp/source/BoardConfiguration.o
                0x08001546                touchgfx::LCD16bpp::~LCD16bpp()
 .text.SysTick_Handler
                0x08001554       0x1c build/ST/STM32469IDISCO/target/bsp/source/BoardConfiguration.o
                0x08001554                SysTick_Handler
 .text._ZN8touchgfx7hw_initEv
                0x08001570      0x2f4 build/ST/STM32469IDISCO/target/bsp/source/BoardConfiguration.o
                0x08001570                touchgfx::hw_init()
 .text.LCD_ReqTear
                0x08001864       0x38 build/ST/STM32469IDISCO/target/bsp/source/BoardConfiguration.o
                0x08001864                LCD_ReqTear
 .text.LCD_SetUpdateRegion
                0x0800189c       0x28 build/ST/STM32469IDISCO/target/bsp/source/BoardConfiguration.o
                0x0800189c                LCD_SetUpdateRegion
 .text.LCD_SetUpdateRegionLeft
                0x080018c4       0x24 build/ST/STM32469IDISCO/target/bsp/source/BoardConfiguration.o
                0x080018c4                LCD_SetUpdateRegionLeft
 .text.LCD_SetUpdateRegionRight
                0x080018e8       0x24 build/ST/STM32469IDISCO/target/bsp/source/BoardConfiguration.o
                0x080018e8                LCD_SetUpdateRegionRight
 .text._ZN8touchgfx21touchgfx_generic_initI14STM32F4HAL_DSIEERNS_3HALERNS_13DMA_InterfaceERNS_3LCDERNS_15TouchControllerEssPtmm
                0x0800190c      0x1e0 build/ST/STM32469IDISCO/target/bsp/source/BoardConfiguration.o
                0x0800190c                touchgfx::HAL& touchgfx::touchgfx_generic_init<STM32F4HAL_DSI>(touchgfx::DMA_Interface&, touchgfx::LCD&, touchgfx::TouchController&, short, short, unsigned short*, unsigned long, unsigned long)
 .text._ZN8touchgfx13touchgfx_initEv
                0x08001aec       0x80 build/ST/STM32469IDISCO/target/bsp/source/BoardConfiguration.o
                0x08001aec                touchgfx::touchgfx_init()
 .text.startup._GLOBAL__sub_I_os_inited
                0x08001b6c       0xa8 build/ST/STM32469IDISCO/target/bsp/source/BoardConfiguration.o
 .text._ZN8touchgfx4GPIO3setENS0_7GPIO_IDE
                0x08001c14       0x20 build/ST/STM32469IDISCO/target/bsp/source/GPIO.o
                0x08001c14                touchgfx::GPIO::set(touchgfx::GPIO::GPIO_ID)
 .text._ZN8touchgfx4GPIO5clearENS0_7GPIO_IDE
                0x08001c34       0x20 build/ST/STM32469IDISCO/target/bsp/source/GPIO.o
                0x08001c34                touchgfx::GPIO::clear(touchgfx::GPIO::GPIO_ID)
 .text._ZN8touchgfx4GPIO4initEv
                0x08001c54       0x36 build/ST/STM32469IDISCO/target/bsp/source/GPIO.o
                0x08001c54                touchgfx::GPIO::init()
 *fill*         0x08001c8a        0x2 00000000
 .text._ZN8touchgfx4GPIO6toggleENS0_7GPIO_IDE
                0x08001c8c       0x14 build/ST/STM32469IDISCO/target/bsp/source/GPIO.o
                0x08001c8c                touchgfx::GPIO::toggle(touchgfx::GPIO::GPIO_ID)
 .text.vListInitialise
                0x08001ca0       0x16 build/ST/STM32469IDISCO/target/os/FreeRTOS7.6.0/Source/list.o
                0x08001ca0                vListInitialise
 .text.vListInitialiseItem
                0x08001cb6        0x6 build/ST/STM32469IDISCO/target/os/FreeRTOS7.6.0/Source/list.o
                0x08001cb6                vListInitialiseItem
 .text.vListInsertEnd
                0x08001cbc       0x18 build/ST/STM32469IDISCO/target/os/FreeRTOS7.6.0/Source/list.o
                0x08001cbc                vListInsertEnd
 .text.vListInsert
                0x08001cd4       0x2e build/ST/STM32469IDISCO/target/os/FreeRTOS7.6.0/Source/list.o
                0x08001cd4                vListInsert
 .text.uxListRemove
                0x08001d02       0x24 build/ST/STM32469IDISCO/target/os/FreeRTOS7.6.0/Source/list.o
                0x08001d02                uxListRemove
 .text.prvCopyDataToQueue
                0x08001d26       0x68 build/ST/STM32469IDISCO/target/os/FreeRTOS7.6.0/Source/queue.o
 .text.prvCopyDataFromQueue
                0x08001d8e       0x26 build/ST/STM32469IDISCO/target/os/FreeRTOS7.6.0/Source/queue.o
 .text.prvUnlockQueue
                0x08001db4       0x6c build/ST/STM32469IDISCO/target/os/FreeRTOS7.6.0/Source/queue.o
 .text.xQueueGenericReset
                0x08001e20       0x62 build/ST/STM32469IDISCO/target/os/FreeRTOS7.6.0/Source/queue.o
                0x08001e20                xQueueGenericReset
 .text.xQueueGenericCreate
                0x08001e82       0x42 build/ST/STM32469IDISCO/target/os/FreeRTOS7.6.0/Source/queue.o
                0x08001e82                xQueueGenericCreate
 .text.xQueueGenericSend
                0x08001ec4       0xfe build/ST/STM32469IDISCO/target/os/FreeRTOS7.6.0/Source/queue.o
                0x08001ec4                xQueueGenericSend
 .text.xQueueGenericSendFromISR
                0x08001fc2       0x8e build/ST/STM32469IDISCO/target/os/FreeRTOS7.6.0/Source/queue.o
                0x08001fc2                xQueueGenericSendFromISR
 .text.xQueueGenericReceive
                0x08002050      0x11e build/ST/STM32469IDISCO/target/os/FreeRTOS7.6.0/Source/queue.o
                0x08002050                xQueueGenericReceive
 *fill*         0x0800216e        0x2 00000000
 .text.prvAddCurrentTaskToDelayedList
                0x08002170       0x50 build/ST/STM32469IDISCO/target/os/FreeRTOS7.6.0/Source/tasks.o
 .text.xTaskGenericCreate
                0x080021c0      0x1cc build/ST/STM32469IDISCO/target/os/FreeRTOS7.6.0/Source/tasks.o
                0x080021c0                xTaskGenericCreate
 .text.vTaskStartScheduler
                0x0800238c       0x54 build/ST/STM32469IDISCO/target/os/FreeRTOS7.6.0/Source/tasks.o
                0x0800238c                vTaskStartScheduler
 .text.vTaskSuspendAll
                0x080023e0       0x10 build/ST/STM32469IDISCO/target/os/FreeRTOS7.6.0/Source/tasks.o
                0x080023e0                vTaskSuspendAll
 .text.xTaskIncrementTick
                0x080023f0      0x12c build/ST/STM32469IDISCO/target/os/FreeRTOS7.6.0/Source/tasks.o
                0x080023f0                xTaskIncrementTick
 .text.xTaskResumeAll
                0x0800251c       0xd0 build/ST/STM32469IDISCO/target/os/FreeRTOS7.6.0/Source/tasks.o
                0x0800251c                xTaskResumeAll
 .text.prvIdleTask
                0x080025ec       0x68 build/ST/STM32469IDISCO/target/os/FreeRTOS7.6.0/Source/tasks.o
 .text.vTaskSetApplicationTaskTag
                0x08002654       0x20 build/ST/STM32469IDISCO/target/os/FreeRTOS7.6.0/Source/tasks.o
                0x08002654                vTaskSetApplicationTaskTag
 .text.xTaskCallApplicationTaskHook
                0x08002674       0x18 build/ST/STM32469IDISCO/target/os/FreeRTOS7.6.0/Source/tasks.o
                0x08002674                xTaskCallApplicationTaskHook
 .text.vTaskSwitchContext
                0x0800268c       0xb4 build/ST/STM32469IDISCO/target/os/FreeRTOS7.6.0/Source/tasks.o
                0x0800268c                vTaskSwitchContext
 .text.vTaskPlaceOnEventList
                0x08002740       0x4c build/ST/STM32469IDISCO/target/os/FreeRTOS7.6.0/Source/tasks.o
                0x08002740                vTaskPlaceOnEventList
 .text.xTaskRemoveFromEventList
                0x0800278c       0x74 build/ST/STM32469IDISCO/target/os/FreeRTOS7.6.0/Source/tasks.o
                0x0800278c                xTaskRemoveFromEventList
 .text.vTaskSetTimeOutState
                0x08002800       0x20 build/ST/STM32469IDISCO/target/os/FreeRTOS7.6.0/Source/tasks.o
                0x08002800                vTaskSetTimeOutState
 .text.xTaskCheckForTimeOut
                0x08002820       0x5c build/ST/STM32469IDISCO/target/os/FreeRTOS7.6.0/Source/tasks.o
                0x08002820                xTaskCheckForTimeOut
 .text.vTaskMissedYield
                0x0800287c        0xc build/ST/STM32469IDISCO/target/os/FreeRTOS7.6.0/Source/tasks.o
                0x0800287c                vTaskMissedYield
 .text.xTaskGetCurrentTaskHandle
                0x08002888        0xc build/ST/STM32469IDISCO/target/os/FreeRTOS7.6.0/Source/tasks.o
                0x08002888                xTaskGetCurrentTaskHandle
 .text.vTaskPriorityInherit
                0x08002894       0x68 build/ST/STM32469IDISCO/target/os/FreeRTOS7.6.0/Source/tasks.o
                0x08002894                vTaskPriorityInherit
 .text.vTaskPriorityDisinherit
                0x080028fc       0x48 build/ST/STM32469IDISCO/target/os/FreeRTOS7.6.0/Source/tasks.o
                0x080028fc                vTaskPriorityDisinherit
 .text.pvPortMalloc
                0x08002944       0xbc build/ST/STM32469IDISCO/target/os/FreeRTOS7.6.0/Source/portable/MemMang/heap_2.o
                0x08002944                pvPortMalloc
 .text.vPortFree
                0x08002a00       0x44 build/ST/STM32469IDISCO/target/os/FreeRTOS7.6.0/Source/portable/MemMang/heap_2.o
                0x08002a00                vPortFree
 .text.prvPortStartFirstTask
                0x08002a44       0x14 build/ST/STM32469IDISCO/target/os/FreeRTOS7.6.0/Source/portable/GCC/ARM_CM4F/port.o
 .text.vPortEnableVFP
                0x08002a58       0x14 build/ST/STM32469IDISCO/target/os/FreeRTOS7.6.0/Source/portable/GCC/ARM_CM4F/port.o
 .text.pxPortInitialiseStack
                0x08002a6c       0x24 build/ST/STM32469IDISCO/target/os/FreeRTOS7.6.0/Source/portable/GCC/ARM_CM4F/port.o
                0x08002a6c                pxPortInitialiseStack
 .text.SVC_Handler
                0x08002a90       0x1c build/ST/STM32469IDISCO/target/os/FreeRTOS7.6.0/Source/portable/GCC/ARM_CM4F/port.o
                0x08002a90                SVC_Handler
 .text.vPortYield
                0x08002aac       0x18 build/ST/STM32469IDISCO/target/os/FreeRTOS7.6.0/Source/portable/GCC/ARM_CM4F/port.o
                0x08002aac                vPortYield
 .text.ulPortSetInterruptMask
                0x08002ac4       0x10 build/ST/STM32469IDISCO/target/os/FreeRTOS7.6.0/Source/portable/GCC/ARM_CM4F/port.o
                0x08002ac4                ulPortSetInterruptMask
 .text.prvTaskExitError
                0x08002ad4       0x1c build/ST/STM32469IDISCO/target/os/FreeRTOS7.6.0/Source/portable/GCC/ARM_CM4F/port.o
 .text.vPortEnterCritical
                0x08002af0       0x1c build/ST/STM32469IDISCO/target/os/FreeRTOS7.6.0/Source/portable/GCC/ARM_CM4F/port.o
                0x08002af0                vPortEnterCritical
 .text.vPortClearInterruptMask
                0x08002b0c        0x6 build/ST/STM32469IDISCO/target/os/FreeRTOS7.6.0/Source/portable/GCC/ARM_CM4F/port.o
                0x08002b0c                vPortClearInterruptMask
 *fill*         0x08002b12        0x2 00000000
 .text.vPortExitCritical
                0x08002b14       0x14 build/ST/STM32469IDISCO/target/os/FreeRTOS7.6.0/Source/portable/GCC/ARM_CM4F/port.o
                0x08002b14                vPortExitCritical
 .text.PendSV_Handler
                0x08002b28       0x50 build/ST/STM32469IDISCO/target/os/FreeRTOS7.6.0/Source/portable/GCC/ARM_CM4F/port.o
                0x08002b28                PendSV_Handler
 .text.OS_SysTick
                0x08002b78       0x24 build/ST/STM32469IDISCO/target/os/FreeRTOS7.6.0/Source/portable/GCC/ARM_CM4F/port.o
                0x08002b78                OS_SysTick
 .text.vPortSetupTimerInterrupt
                0x08002b9c       0x28 build/ST/STM32469IDISCO/target/os/FreeRTOS7.6.0/Source/portable/GCC/ARM_CM4F/port.o
                0x08002b9c                vPortSetupTimerInterrupt
 .text.xPortStartScheduler
                0x08002bc4       0xa8 build/ST/STM32469IDISCO/target/os/FreeRTOS7.6.0/Source/portable/GCC/ARM_CM4F/port.o
                0x08002bc4                xPortStartScheduler
 .text.vPortValidateInterruptPriority
                0x08002c6c       0x44 build/ST/STM32469IDISCO/target/os/FreeRTOS7.6.0/Source/portable/GCC/ARM_CM4F/port.o
                0x08002c6c                vPortValidateInterruptPriority
 .text.NMI_Handler
                0x08002cb0        0xc build/ST/STM32469IDISCO/target/gcc/isr.o
                0x08002cb0                NMI_Handler
 .text.HardFault_Handler
                0x08002cbc        0xc build/ST/STM32469IDISCO/target/gcc/isr.o
                0x08002cbc                HardFault_Handler
 .text.MemManage_Handler
                0x08002cc8        0xc build/ST/STM32469IDISCO/target/gcc/isr.o
                0x08002cc8                MemManage_Handler
 .text.BusFault_Handler
                0x08002cd4        0xc build/ST/STM32469IDISCO/target/gcc/isr.o
                0x08002cd4                BusFault_Handler
 .text.UsageFault_Handler
                0x08002ce0        0xc build/ST/STM32469IDISCO/target/gcc/isr.o
                0x08002ce0                UsageFault_Handler
 .text.DebugMon_Handler
                0x08002cec        0xc build/ST/STM32469IDISCO/target/gcc/isr.o
                0x08002cec                DebugMon_Handler
 .text.QUADSPI_IRQHandler
                0x08002cf8       0x12 build/ST/STM32469IDISCO/target/gcc/isr.o
                0x08002cf8                QUADSPI_IRQHandler
 *fill*         0x08002d0a        0x2 00000000
 .text.ResetISR
                0x08002d0c       0x74 build/ST/STM32469IDISCO/target/gcc/isr.o
                0x08002d0c                ResetISR
 .text.LTDC_ER_IRQHandler
                0x08002d80       0x16 build/ST/STM32469IDISCO/target/gcc/isr.o
                0x08002d80                LTDC_ER_IRQHandler
 .text.SAI1_IRQHandler
                0x08002d96       0x16 build/ST/STM32469IDISCO/target/gcc/isr.o
                0x08002d96                SAI1_IRQHandler
 .text.SPI6_IRQHandler
                0x08002dac       0x16 build/ST/STM32469IDISCO/target/gcc/isr.o
                0x08002dac                SPI6_IRQHandler
 .text.SPI5_IRQHandler
                0x08002dc2       0x16 build/ST/STM32469IDISCO/target/gcc/isr.o
                0x08002dc2                SPI5_IRQHandler
 .text.SPI4_IRQHandler
                0x08002dd8       0x16 build/ST/STM32469IDISCO/target/gcc/isr.o
                0x08002dd8                SPI4_IRQHandler
 .text.UART8_IRQHandler
                0x08002dee       0x16 build/ST/STM32469IDISCO/target/gcc/isr.o
                0x08002dee                UART8_IRQHandler
 .text.UART7_IRQHandler
                0x08002e04       0x16 build/ST/STM32469IDISCO/target/gcc/isr.o
                0x08002e04                UART7_IRQHandler
 .text.FPU_IRQHandler
                0x08002e1a       0x16 build/ST/STM32469IDISCO/target/gcc/isr.o
                0x08002e1a                FPU_IRQHandler
 .text.HASH_RNG_IRQHandler
                0x08002e30       0x16 build/ST/STM32469IDISCO/target/gcc/isr.o
                0x08002e30                HASH_RNG_IRQHandler
 .text.CRYP_IRQHandler
                0x08002e46       0x16 build/ST/STM32469IDISCO/target/gcc/isr.o
                0x08002e46                CRYP_IRQHandler
 .text.DCMI_IRQHandler
                0x08002e5c       0x16 build/ST/STM32469IDISCO/target/gcc/isr.o
                0x08002e5c                DCMI_IRQHandler
 .text.OTG_HS_IRQHandler
                0x08002e72       0x16 build/ST/STM32469IDISCO/target/gcc/isr.o
                0x08002e72                OTG_HS_IRQHandler
 .text.OTG_HS_WKUP_IRQHandler
                0x08002e88       0x16 build/ST/STM32469IDISCO/target/gcc/isr.o
                0x08002e88                OTG_HS_WKUP_IRQHandler
 .text.OTG_HS_EP1_IN_IRQHandler
                0x08002e9e       0x16 build/ST/STM32469IDISCO/target/gcc/isr.o
                0x08002e9e                OTG_HS_EP1_IN_IRQHandler
 .text.OTG_HS_EP1_OUT_IRQHandler
                0x08002eb4       0x16 build/ST/STM32469IDISCO/target/gcc/isr.o
                0x08002eb4                OTG_HS_EP1_OUT_IRQHandler
 .text.I2C3_ER_IRQHandler
                0x08002eca       0x16 build/ST/STM32469IDISCO/target/gcc/isr.o
                0x08002eca                I2C3_ER_IRQHandler
 .text.I2C3_EV_IRQHandler
                0x08002ee0       0x16 build/ST/STM32469IDISCO/target/gcc/isr.o
                0x08002ee0                I2C3_EV_IRQHandler
 .text.USART6_IRQHandler
                0x08002ef6       0x16 build/ST/STM32469IDISCO/target/gcc/isr.o
                0x08002ef6                USART6_IRQHandler
 .text.DMA2_Stream7_IRQHandler
                0x08002f0c       0x16 build/ST/STM32469IDISCO/target/gcc/isr.o
                0x08002f0c                DMA2_Stream7_IRQHandler
 .text.DMA2_Stream6_IRQHandler
                0x08002f22       0x16 build/ST/STM32469IDISCO/target/gcc/isr.o
                0x08002f22                DMA2_Stream6_IRQHandler
 .text.DMA2_Stream5_IRQHandler
                0x08002f38       0x16 build/ST/STM32469IDISCO/target/gcc/isr.o
                0x08002f38                DMA2_Stream5_IRQHandler
 .text.OTG_FS_IRQHandler
                0x08002f4e       0x16 build/ST/STM32469IDISCO/target/gcc/isr.o
                0x08002f4e                OTG_FS_IRQHandler
 .text.CAN2_SCE_IRQHandler
                0x08002f64       0x16 build/ST/STM32469IDISCO/target/gcc/isr.o
                0x08002f64                CAN2_SCE_IRQHandler
 .text.CAN2_RX1_IRQHandler
                0x08002f7a       0x16 build/ST/STM32469IDISCO/target/gcc/isr.o
                0x08002f7a                CAN2_RX1_IRQHandler
 .text.CAN2_RX0_IRQHandler
                0x08002f90       0x16 build/ST/STM32469IDISCO/target/gcc/isr.o
                0x08002f90                CAN2_RX0_IRQHandler
 .text.CAN2_TX_IRQHandler
                0x08002fa6       0x16 build/ST/STM32469IDISCO/target/gcc/isr.o
                0x08002fa6                CAN2_TX_IRQHandler
 .text.ETH_WKUP_IRQHandler
                0x08002fbc       0x16 build/ST/STM32469IDISCO/target/gcc/isr.o
                0x08002fbc                ETH_WKUP_IRQHandler
 .text.ETH_IRQHandler
                0x08002fd2       0x16 build/ST/STM32469IDISCO/target/gcc/isr.o
                0x08002fd2                ETH_IRQHandler
 .text.DMA2_Stream4_IRQHandler
                0x08002fe8       0x16 build/ST/STM32469IDISCO/target/gcc/isr.o
                0x08002fe8                DMA2_Stream4_IRQHandler
 .text.DMA2_Stream3_IRQHandler
                0x08002ffe       0x16 build/ST/STM32469IDISCO/target/gcc/isr.o
                0x08002ffe                DMA2_Stream3_IRQHandler
 .text.DMA2_Stream2_IRQHandler
                0x08003014       0x16 build/ST/STM32469IDISCO/target/gcc/isr.o
                0x08003014                DMA2_Stream2_IRQHandler
 .text.DMA2_Stream1_IRQHandler
                0x0800302a       0x16 build/ST/STM32469IDISCO/target/gcc/isr.o
                0x0800302a                DMA2_Stream1_IRQHandler
 .text.DMA2_Stream0_IRQHandler
                0x08003040       0x16 build/ST/STM32469IDISCO/target/gcc/isr.o
                0x08003040                DMA2_Stream0_IRQHandler
 .text.TIM7_IRQHandler
                0x08003056       0x16 build/ST/STM32469IDISCO/target/gcc/isr.o
                0x08003056                TIM7_IRQHandler
 .text.TIM6_DAC_IRQHandler
                0x0800306c       0x16 build/ST/STM32469IDISCO/target/gcc/isr.o
                0x0800306c                TIM6_DAC_IRQHandler
 .text.UART5_IRQHandler
                0x08003082       0x16 build/ST/STM32469IDISCO/target/gcc/isr.o
                0x08003082                UART5_IRQHandler
 .text.UART4_IRQHandler
                0x08003098       0x16 build/ST/STM32469IDISCO/target/gcc/isr.o
                0x08003098                UART4_IRQHandler
 .text.SPI3_IRQHandler
                0x080030ae       0x16 build/ST/STM32469IDISCO/target/gcc/isr.o
                0x080030ae                SPI3_IRQHandler
 .text.TIM5_IRQHandler
                0x080030c4       0x16 build/ST/STM32469IDISCO/target/gcc/isr.o
                0x080030c4                TIM5_IRQHandler
 .text.SDIO_IRQHandler
                0x080030da       0x16 build/ST/STM32469IDISCO/target/gcc/isr.o
                0x080030da                SDIO_IRQHandler
 .text.FMC_IRQHandler
                0x080030f0       0x16 build/ST/STM32469IDISCO/target/gcc/isr.o
                0x080030f0                FMC_IRQHandler
 .text.DMA1_Stream7_IRQHandler
                0x08003106       0x16 build/ST/STM32469IDISCO/target/gcc/isr.o
                0x08003106                DMA1_Stream7_IRQHandler
 .text.TIM8_CC_IRQHandler
                0x0800311c       0x16 build/ST/STM32469IDISCO/target/gcc/isr.o
                0x0800311c                TIM8_CC_IRQHandler
 .text.TIM8_TRG_COM_TIM14_IRQHandler
                0x08003132       0x16 build/ST/STM32469IDISCO/target/gcc/isr.o
                0x08003132                TIM8_TRG_COM_TIM14_IRQHandler
 .text.TIM8_UP_TIM13_IRQHandler
                0x08003148       0x16 build/ST/STM32469IDISCO/target/gcc/isr.o
                0x08003148                TIM8_UP_TIM13_IRQHandler
 .text.TIM8_BRK_TIM12_IRQHandler
                0x0800315e       0x16 build/ST/STM32469IDISCO/target/gcc/isr.o
                0x0800315e                TIM8_BRK_TIM12_IRQHandler
 .text.OTG_FS_WKUP_IRQHandler
                0x08003174       0x16 build/ST/STM32469IDISCO/target/gcc/isr.o
                0x08003174                OTG_FS_WKUP_IRQHandler
 .text.RTC_Alarm_IRQHandler
                0x0800318a       0x16 build/ST/STM32469IDISCO/target/gcc/isr.o
                0x0800318a                RTC_Alarm_IRQHandler
 .text.EXTI15_10_IRQHandler
                0x080031a0       0x16 build/ST/STM32469IDISCO/target/gcc/isr.o
                0x080031a0                EXTI15_10_IRQHandler
 .text.USART3_IRQHandler
                0x080031b6       0x16 build/ST/STM32469IDISCO/target/gcc/isr.o
                0x080031b6                USART3_IRQHandler
 .text.USART2_IRQHandler
                0x080031cc       0x16 build/ST/STM32469IDISCO/target/gcc/isr.o
                0x080031cc                USART2_IRQHandler
 .text.USART1_IRQHandler
                0x080031e2       0x16 build/ST/STM32469IDISCO/target/gcc/isr.o
                0x080031e2                USART1_IRQHandler
 .text.SPI2_IRQHandler
                0x080031f8       0x16 build/ST/STM32469IDISCO/target/gcc/isr.o
                0x080031f8                SPI2_IRQHandler
 .text.SPI1_IRQHandler
                0x0800320e       0x16 build/ST/STM32469IDISCO/target/gcc/isr.o
                0x0800320e                SPI1_IRQHandler
 .text.I2C2_ER_IRQHandler
                0x08003224       0x16 build/ST/STM32469IDISCO/target/gcc/isr.o
                0x08003224                I2C2_ER_IRQHandler
 .text.I2C2_EV_IRQHandler
                0x0800323a       0x16 build/ST/STM32469IDISCO/target/gcc/isr.o
                0x0800323a                I2C2_EV_IRQHandler
 .text.I2C1_ER_IRQHandler
                0x08003250       0x16 build/ST/STM32469IDISCO/target/gcc/isr.o
                0x08003250                I2C1_ER_IRQHandler
 .text.I2C1_EV_IRQHandler
                0x08003266       0x16 build/ST/STM32469IDISCO/target/gcc/isr.o
                0x08003266                I2C1_EV_IRQHandler
 .text.TIM4_IRQHandler
                0x0800327c       0x16 build/ST/STM32469IDISCO/target/gcc/isr.o
                0x0800327c                TIM4_IRQHandler
 .text.TIM3_IRQHandler
                0x08003292       0x16 build/ST/STM32469IDISCO/target/gcc/isr.o
                0x08003292                TIM3_IRQHandler
 .text.TIM2_IRQHandler
                0x080032a8       0x16 build/ST/STM32469IDISCO/target/gcc/isr.o
                0x080032a8                TIM2_IRQHandler
 .text.TIM1_CC_IRQHandler
                0x080032be       0x16 build/ST/STM32469IDISCO/target/gcc/isr.o
                0x080032be                TIM1_CC_IRQHandler
 .text.TIM1_TRG_COM_TIM11_IRQHandler
                0x080032d4       0x16 build/ST/STM32469IDISCO/target/gcc/isr.o
                0x080032d4                TIM1_TRG_COM_TIM11_IRQHandler
 .text.TIM1_UP_TIM10_IRQHandler
                0x080032ea       0x16 build/ST/STM32469IDISCO/target/gcc/isr.o
                0x080032ea                TIM1_UP_TIM10_IRQHandler
 .text.TIM1_BRK_TIM9_IRQHandler
                0x08003300       0x16 build/ST/STM32469IDISCO/target/gcc/isr.o
                0x08003300                TIM1_BRK_TIM9_IRQHandler
 .text.EXTI9_5_IRQHandler
                0x08003316       0x16 build/ST/STM32469IDISCO/target/gcc/isr.o
                0x08003316                EXTI9_5_IRQHandler
 .text.CAN1_SCE_IRQHandler
                0x0800332c       0x16 build/ST/STM32469IDISCO/target/gcc/isr.o
                0x0800332c                CAN1_SCE_IRQHandler
 .text.CAN1_RX1_IRQHandler
                0x08003342       0x16 build/ST/STM32469IDISCO/target/gcc/isr.o
                0x08003342                CAN1_RX1_IRQHandler
 .text.CAN1_RX0_IRQHandler
                0x08003358       0x16 build/ST/STM32469IDISCO/target/gcc/isr.o
                0x08003358                CAN1_RX0_IRQHandler
 .text.CAN1_TX_IRQHandler
                0x0800336e       0x16 build/ST/STM32469IDISCO/target/gcc/isr.o
                0x0800336e                CAN1_TX_IRQHandler
 .text.ADC_IRQHandler
                0x08003384       0x16 build/ST/STM32469IDISCO/target/gcc/isr.o
                0x08003384                ADC_IRQHandler
 .text.DMA1_Stream6_IRQHandler
                0x0800339a       0x16 build/ST/STM32469IDISCO/target/gcc/isr.o
                0x0800339a                DMA1_Stream6_IRQHandler
 .text.DMA1_Stream5_IRQHandler
                0x080033b0       0x16 build/ST/STM32469IDISCO/target/gcc/isr.o
                0x080033b0                DMA1_Stream5_IRQHandler
 .text.DMA1_Stream4_IRQHandler
                0x080033c6       0x16 build/ST/STM32469IDISCO/target/gcc/isr.o
                0x080033c6                DMA1_Stream4_IRQHandler
 .text.DMA1_Stream3_IRQHandler
                0x080033dc       0x16 build/ST/STM32469IDISCO/target/gcc/isr.o
                0x080033dc                DMA1_Stream3_IRQHandler
 .text.DMA1_Stream2_IRQHandler
                0x080033f2       0x16 build/ST/STM32469IDISCO/target/gcc/isr.o
                0x080033f2                DMA1_Stream2_IRQHandler
 .text.DMA1_Stream1_IRQHandler
                0x08003408       0x16 build/ST/STM32469IDISCO/target/gcc/isr.o
                0x08003408                DMA1_Stream1_IRQHandler
 .text.DMA1_Stream0_IRQHandler
                0x0800341e       0x16 build/ST/STM32469IDISCO/target/gcc/isr.o
                0x0800341e                DMA1_Stream0_IRQHandler
 .text.EXTI4_IRQHandler
                0x08003434       0x16 build/ST/STM32469IDISCO/target/gcc/isr.o
                0x08003434                EXTI4_IRQHandler
 .text.EXTI3_IRQHandler
                0x0800344a       0x16 build/ST/STM32469IDISCO/target/gcc/isr.o
                0x0800344a                EXTI3_IRQHandler
 .text.EXTI2_IRQHandler
                0x08003460       0x16 build/ST/STM32469IDISCO/target/gcc/isr.o
                0x08003460                EXTI2_IRQHandler
 .text.EXTI1_IRQHandler
                0x08003476       0x16 build/ST/STM32469IDISCO/target/gcc/isr.o
                0x08003476                EXTI1_IRQHandler
 .text.EXTI0_IRQHandler
                0x0800348c       0x16 build/ST/STM32469IDISCO/target/gcc/isr.o
                0x0800348c                EXTI0_IRQHandler
 .text.RCC_IRQHandler
                0x080034a2       0x16 build/ST/STM32469IDISCO/target/gcc/isr.o
                0x080034a2                RCC_IRQHandler
 .text.FLASH_IRQHandler
                0x080034b8       0x16 build/ST/STM32469IDISCO/target/gcc/isr.o
                0x080034b8                FLASH_IRQHandler
 .text.RTC_WKUP_IRQHandler
                0x080034ce       0x16 build/ST/STM32469IDISCO/target/gcc/isr.o
                0x080034ce                RTC_WKUP_IRQHandler
 .text.TAMP_STAMP_IRQHandler
                0x080034e4       0x16 build/ST/STM32469IDISCO/target/gcc/isr.o
                0x080034e4                TAMP_STAMP_IRQHandler
 .text.PVD_IRQHandler
                0x080034fa       0x16 build/ST/STM32469IDISCO/target/gcc/isr.o
                0x080034fa                PVD_IRQHandler
 .text.WWDG_IRQHandler
                0x08003510       0x16 build/ST/STM32469IDISCO/target/gcc/isr.o
                0x08003510                WWDG_IRQHandler
 *fill*         0x08003526        0x2 00000000
 .text.I2C1_Init
                0x08003528       0xcc build/ST/STM32469IDISCO/target/bsp/source/vendor/STM32469I-Discovery/stm32469i_discovery.o
 .text.I2C1_Error.isra.3
                0x080035f4       0x14 build/ST/STM32469IDISCO/target/bsp/source/vendor/STM32469I-Discovery/stm32469i_discovery.o
 .text.BSP_LED_Init
                0x08003608       0x9c build/ST/STM32469IDISCO/target/bsp/source/vendor/STM32469I-Discovery/stm32469i_discovery.o
                0x08003608                BSP_LED_Init
 .text.BSP_LED_On
                0x080036a4       0x20 build/ST/STM32469IDISCO/target/bsp/source/vendor/STM32469I-Discovery/stm32469i_discovery.o
                0x080036a4                BSP_LED_On
 .text.BSP_LED_Off
                0x080036c4       0x20 build/ST/STM32469IDISCO/target/bsp/source/vendor/STM32469I-Discovery/stm32469i_discovery.o
                0x080036c4                BSP_LED_Off
 .text.BSP_PB_Init
                0x080036e4       0x74 build/ST/STM32469IDISCO/target/bsp/source/vendor/STM32469I-Discovery/stm32469i_discovery.o
                0x080036e4                BSP_PB_Init
 .text.BSP_PB_GetState
                0x08003758       0x14 build/ST/STM32469IDISCO/target/bsp/source/vendor/STM32469I-Discovery/stm32469i_discovery.o
                0x08003758                BSP_PB_GetState
 .text.TS_IO_Init
                0x0800376c        0x4 build/ST/STM32469IDISCO/target/bsp/source/vendor/STM32469I-Discovery/stm32469i_discovery.o
                0x0800376c                TS_IO_Init
 .text.TS_IO_Write
                0x08003770       0x2c build/ST/STM32469IDISCO/target/bsp/source/vendor/STM32469I-Discovery/stm32469i_discovery.o
                0x08003770                TS_IO_Write
 .text.TS_IO_Read
                0x0800379c       0x34 build/ST/STM32469IDISCO/target/bsp/source/vendor/STM32469I-Discovery/stm32469i_discovery.o
                0x0800379c                TS_IO_Read
 .text.TS_IO_ReadMultiple
                0x080037d0       0x28 build/ST/STM32469IDISCO/target/bsp/source/vendor/STM32469I-Discovery/stm32469i_discovery.o
                0x080037d0                TS_IO_ReadMultiple
 .text.OTM8009A_IO_Delay
                0x080037f8        0x4 build/ST/STM32469IDISCO/target/bsp/source/vendor/STM32469I-Discovery/stm32469i_discovery.o
                0x080037f8                OTM8009A_IO_Delay
 .text.BSP_LCD_Reset
                0x080037fc       0x60 build/ST/STM32469IDISCO/target/bsp/source/vendor/STM32469I-Discovery/stm32469i_discovery_lcd.o
                0x080037fc                BSP_LCD_Reset
 .text.BSP_LCD_GetXSize
                0x0800385c        0xc build/ST/STM32469IDISCO/target/bsp/source/vendor/STM32469I-Discovery/stm32469i_discovery_lcd.o
                0x0800385c                BSP_LCD_GetXSize
 .text.BSP_LCD_GetYSize
                0x08003868        0xc build/ST/STM32469IDISCO/target/bsp/source/vendor/STM32469I-Discovery/stm32469i_discovery_lcd.o
                0x08003868                BSP_LCD_GetYSize
 .text.BSP_LCD_SelectLayer
                0x08003874        0xc build/ST/STM32469IDISCO/target/bsp/source/vendor/STM32469I-Discovery/stm32469i_discovery_lcd.o
                0x08003874                BSP_LCD_SelectLayer
 .text.DSI_IO_WriteCmd
                0x08003880       0x34 build/ST/STM32469IDISCO/target/bsp/source/vendor/STM32469I-Discovery/stm32469i_discovery_lcd.o
                0x08003880                DSI_IO_WriteCmd
 .text.BSP_LCD_MspInit
                0x080038b4       0xa4 build/ST/STM32469IDISCO/target/bsp/source/vendor/STM32469I-Discovery/stm32469i_discovery_lcd.o
                0x080038b4                BSP_LCD_MspInit
 .text.QSPI_AutoPollingMemReady.constprop.1
                0x08003958       0x54 build/ST/STM32469IDISCO/target/bsp/source/vendor/STM32469I-Discovery/stm32469i_discovery_qspi.o
 .text.QSPI_WriteEnable.constprop.3
                0x080039ac       0x70 build/ST/STM32469IDISCO/target/bsp/source/vendor/STM32469I-Discovery/stm32469i_discovery_qspi.o
 .text.BSP_QSPI_MemoryMappedMode
                0x08003a1c       0x4c build/ST/STM32469IDISCO/target/bsp/source/vendor/STM32469I-Discovery/stm32469i_discovery_qspi.o
                0x08003a1c                BSP_QSPI_MemoryMappedMode
 .text.BSP_QSPI_MspInit
                0x08003a68       0xc0 build/ST/STM32469IDISCO/target/bsp/source/vendor/STM32469I-Discovery/stm32469i_discovery_qspi.o
                0x08003a68                BSP_QSPI_MspInit
 .text.BSP_QSPI_Init
                0x08003b28      0x134 build/ST/STM32469IDISCO/target/bsp/source/vendor/STM32469I-Discovery/stm32469i_discovery_qspi.o
                0x08003b28                BSP_QSPI_Init
 .text.BSP_SDRAM_Initialization_sequence
                0x08003c5c       0x98 build/ST/STM32469IDISCO/target/bsp/source/vendor/STM32469I-Discovery/stm32469i_discovery_sdram.o
                0x08003c5c                BSP_SDRAM_Initialization_sequence
 .text.BSP_SDRAM_MspInit
                0x08003cf4      0x1a4 build/ST/STM32469IDISCO/target/bsp/source/vendor/STM32469I-Discovery/stm32469i_discovery_sdram.o
                0x08003cf4                BSP_SDRAM_MspInit
 .text.BSP_SDRAM_Init
                0x08003e98       0x7c build/ST/STM32469IDISCO/target/bsp/source/vendor/STM32469I-Discovery/stm32469i_discovery_sdram.o
                0x08003e98                BSP_SDRAM_Init
 .text.BSP_TS_Init
                0x08003f14       0x58 build/ST/STM32469IDISCO/target/bsp/source/vendor/STM32469I-Discovery/stm32469i_discovery_ts.o
                0x08003f14                BSP_TS_Init
 .text.BSP_TS_GetState
                0x08003f6c       0xe0 build/ST/STM32469IDISCO/target/bsp/source/vendor/STM32469I-Discovery/stm32469i_discovery_ts.o
                0x08003f6c                BSP_TS_GetState
 .text.ft6x06_TS_ITStatus
                0x0800404c        0x4 build/ST/STM32469IDISCO/target/bsp/source/vendor/Components/ft6x06/ft6x06.o
                0x0800404c                ft6x06_TS_ITStatus
 .text.ft6x06_TS_ClearIT
                0x08004050        0x2 build/ST/STM32469IDISCO/target/bsp/source/vendor/Components/ft6x06/ft6x06.o
                0x08004050                ft6x06_TS_ClearIT
 .text.ft6x06_ReadID
                0x08004052       0x12 build/ST/STM32469IDISCO/target/bsp/source/vendor/Components/ft6x06/ft6x06.o
                0x08004052                ft6x06_ReadID
 .text.ft6x06_TS_DetectTouch
                0x08004064       0x44 build/ST/STM32469IDISCO/target/bsp/source/vendor/Components/ft6x06/ft6x06.o
                0x08004064                ft6x06_TS_DetectTouch
 .text.ft6x06_TS_GetXY
                0x080040a8       0x5c build/ST/STM32469IDISCO/target/bsp/source/vendor/Components/ft6x06/ft6x06.o
                0x080040a8                ft6x06_TS_GetXY
 .text.ft6x06_TS_EnableIT
                0x08004104        0xa build/ST/STM32469IDISCO/target/bsp/source/vendor/Components/ft6x06/ft6x06.o
                0x08004104                ft6x06_TS_EnableIT
 .text.ft6x06_TS_DisableIT
                0x0800410e        0xa build/ST/STM32469IDISCO/target/bsp/source/vendor/Components/ft6x06/ft6x06.o
                0x0800410e                ft6x06_TS_DisableIT
 .text.ft6x06_TS_Start
                0x08004118        0x4 build/ST/STM32469IDISCO/target/bsp/source/vendor/Components/ft6x06/ft6x06.o
                0x08004118                ft6x06_TS_Start
 .text.ft6x06_Reset
                0x0800411c        0x2 build/ST/STM32469IDISCO/target/bsp/source/vendor/Components/ft6x06/ft6x06.o
                0x0800411c                ft6x06_Reset
 *fill*         0x0800411e        0x2 00000000
 .text.ft6x06_Init
                0x08004120       0x28 build/ST/STM32469IDISCO/target/bsp/source/vendor/Components/ft6x06/ft6x06.o
                0x08004120                ft6x06_Init
 .text.OTM8009A_Init
                0x08004148      0x47c build/ST/STM32469IDISCO/target/bsp/source/vendor/Components/otm8009a/otm8009a.o
                0x08004148                OTM8009A_Init
 .text.HAL_MspInit
                0x080045c4        0x2 build/ST/STM32469IDISCO/target/bsp/source/platform/hal/mcu/stm32f4cube/STM32F4xx_HAL_Driver/stm32f4xx_hal.o
                0x080045c4                HAL_MspInit
 .text.HAL_InitTick
                0x080045c6       0x24 build/ST/STM32469IDISCO/target/bsp/source/platform/hal/mcu/stm32f4cube/STM32F4xx_HAL_Driver/stm32f4xx_hal.o
                0x080045c6                HAL_InitTick
 *fill*         0x080045ea        0x2 00000000
 .text.HAL_Init
                0x080045ec       0x34 build/ST/STM32469IDISCO/target/bsp/source/platform/hal/mcu/stm32f4cube/STM32F4xx_HAL_Driver/stm32f4xx_hal.o
                0x080045ec                HAL_Init
 .text.HAL_IncTick
                0x08004620       0x10 build/ST/STM32469IDISCO/target/bsp/source/platform/hal/mcu/stm32f4cube/STM32F4xx_HAL_Driver/stm32f4xx_hal.o
                0x08004620                HAL_IncTick
 .text.HAL_GetTick
                0x08004630        0xc build/ST/STM32469IDISCO/target/bsp/source/platform/hal/mcu/stm32f4cube/STM32F4xx_HAL_Driver/stm32f4xx_hal.o
                0x08004630                HAL_GetTick
 .text.HAL_Delay
                0x0800463c       0x1a build/ST/STM32469IDISCO/target/bsp/source/platform/hal/mcu/stm32f4cube/STM32F4xx_HAL_Driver/stm32f4xx_hal.o
                0x0800463c                HAL_Delay
 *fill*         0x08004656        0x2 00000000
 .text.HAL_NVIC_SetPriorityGrouping
                0x08004658       0x24 build/ST/STM32469IDISCO/target/bsp/source/platform/hal/mcu/stm32f4cube/STM32F4xx_HAL_Driver/stm32f4xx_hal_cortex.o
                0x08004658                HAL_NVIC_SetPriorityGrouping
 .text.HAL_NVIC_SetPriority
                0x0800467c       0x68 build/ST/STM32469IDISCO/target/bsp/source/platform/hal/mcu/stm32f4cube/STM32F4xx_HAL_Driver/stm32f4xx_hal_cortex.o
                0x0800467c                HAL_NVIC_SetPriority
 .text.HAL_NVIC_EnableIRQ
                0x080046e4       0x18 build/ST/STM32469IDISCO/target/bsp/source/platform/hal/mcu/stm32f4cube/STM32F4xx_HAL_Driver/stm32f4xx_hal_cortex.o
                0x080046e4                HAL_NVIC_EnableIRQ
 .text.HAL_NVIC_DisableIRQ
                0x080046fc       0x1c build/ST/STM32469IDISCO/target/bsp/source/platform/hal/mcu/stm32f4cube/STM32F4xx_HAL_Driver/stm32f4xx_hal_cortex.o
                0x080046fc                HAL_NVIC_DisableIRQ
 .text.HAL_SYSTICK_Config
                0x08004718       0x2c build/ST/STM32469IDISCO/target/bsp/source/platform/hal/mcu/stm32f4cube/STM32F4xx_HAL_Driver/stm32f4xx_hal_cortex.o
                0x08004718                HAL_SYSTICK_Config
 .text.DMA_CalcBaseAndBitshift
                0x08004744       0x2c build/ST/STM32469IDISCO/target/bsp/source/platform/hal/mcu/stm32f4cube/STM32F4xx_HAL_Driver/stm32f4xx_hal_dma.o
 .text.HAL_DMA_Init
                0x08004770       0x80 build/ST/STM32469IDISCO/target/bsp/source/platform/hal/mcu/stm32f4cube/STM32F4xx_HAL_Driver/stm32f4xx_hal_dma.o
                0x08004770                HAL_DMA_Init
 .text.HAL_DMA_DeInit
                0x080047f0       0x52 build/ST/STM32469IDISCO/target/bsp/source/platform/hal/mcu/stm32f4cube/STM32F4xx_HAL_Driver/stm32f4xx_hal_dma.o
                0x080047f0                HAL_DMA_DeInit
 .text.DMA2D_SetConfig
                0x08004842       0x80 build/ST/STM32469IDISCO/target/bsp/source/platform/hal/mcu/stm32f4cube/STM32F4xx_HAL_Driver/stm32f4xx_hal_dma2d.o
 .text.HAL_DMA2D_MspInit
                0x080048c2        0x2 build/ST/STM32469IDISCO/target/bsp/source/platform/hal/mcu/stm32f4cube/STM32F4xx_HAL_Driver/stm32f4xx_hal_dma2d.o
                0x080048c2                HAL_DMA2D_MspInit
 .text.HAL_DMA2D_Init
                0x080048c4       0x5c build/ST/STM32469IDISCO/target/bsp/source/platform/hal/mcu/stm32f4cube/STM32F4xx_HAL_Driver/stm32f4xx_hal_dma2d.o
                0x080048c4                HAL_DMA2D_Init
 .text.HAL_DMA2D_MspDeInit
                0x08004920        0x2 build/ST/STM32469IDISCO/target/bsp/source/platform/hal/mcu/stm32f4cube/STM32F4xx_HAL_Driver/stm32f4xx_hal_dma2d.o
                0x08004920                HAL_DMA2D_MspDeInit
 .text.HAL_DMA2D_DeInit
                0x08004922       0x1c build/ST/STM32469IDISCO/target/bsp/source/platform/hal/mcu/stm32f4cube/STM32F4xx_HAL_Driver/stm32f4xx_hal_dma2d.o
                0x08004922                HAL_DMA2D_DeInit
 .text.HAL_DMA2D_Start_IT
                0x0800493e       0x5e build/ST/STM32469IDISCO/target/bsp/source/platform/hal/mcu/stm32f4cube/STM32F4xx_HAL_Driver/stm32f4xx_hal_dma2d.o
                0x0800493e                HAL_DMA2D_Start_IT
 .text.HAL_DMA2D_BlendingStart_IT
                0x0800499c       0x68 build/ST/STM32469IDISCO/target/bsp/source/platform/hal/mcu/stm32f4cube/STM32F4xx_HAL_Driver/stm32f4xx_hal_dma2d.o
                0x0800499c                HAL_DMA2D_BlendingStart_IT
 .text.HAL_DMA2D_ConfigLayer
                0x08004a04       0xe0 build/ST/STM32469IDISCO/target/bsp/source/platform/hal/mcu/stm32f4cube/STM32F4xx_HAL_Driver/stm32f4xx_hal_dma2d.o
                0x08004a04                HAL_DMA2D_ConfigLayer
 .text.HAL_GPIO_Init
                0x08004ae4      0x1d8 build/ST/STM32469IDISCO/target/bsp/source/platform/hal/mcu/stm32f4cube/STM32F4xx_HAL_Driver/stm32f4xx_hal_gpio.o
                0x08004ae4                HAL_GPIO_Init
 .text.HAL_GPIO_ReadPin
                0x08004cbc        0xc build/ST/STM32469IDISCO/target/bsp/source/platform/hal/mcu/stm32f4cube/STM32F4xx_HAL_Driver/stm32f4xx_hal_gpio.o
                0x08004cbc                HAL_GPIO_ReadPin
 .text.HAL_GPIO_WritePin